Archive member included because of file (symbol)

userLib.a(uart.o)             build/default/production/main.o (uart_init)
userLib.a(delayT1.o)          build/default/production/main.o (delayT1_init)
userLib.a(picInit.o)          userLib.a(delayT1.o) (TimerTicksPerMicrosec)
userLib.a(pwm.o)              build/default/production/main.o (PWMOpen)
userLib.a(a2d.o)              build/default/production/main.o (A2D_init)
userLib.a(delay.o)            userLib.a(picInit.o) (Delay_Init)
userLib.a(free_timer.o)       userLib.a(picInit.o) (FreeRunTimer_Init)
userLib.a(handle.o)           userLib.a(pwm.o) (handleNumberGet)
c:/program files (x86)/microchip/mplab c32 suite/bin/../lib/gcc/pic32mx/4.5.1\libgcc.a(_fixunssfdi.o)
                              userLib.a(free_timer.o) (__fixunssfdi)
c:/program files (x86)/microchip/mplab c32 suite/bin/../lib/gcc/pic32mx/4.5.1\libgcc.a(_floatundisf.o)
                              userLib.a(free_timer.o) (__floatundisf)
c:/program files (x86)/microchip/mplab c32 suite/bin/../lib/gcc/pic32mx/4.5.1\libgcc.a(floatunsidf.o)
                              c:/program files (x86)/microchip/mplab c32 suite/bin/../lib/gcc/pic32mx/4.5.1\libgcc.a(_fixunssfdi.o) (__floatunsidf)
c:/program files (x86)/microchip/mplab c32 suite/bin/../lib/gcc/pic32mx/4.5.1\libgcc.a(floatunsisf.o)
                              userLib.a(delay.o) (__floatunsisf)
c:/program files (x86)/microchip/mplab c32 suite/bin/../lib/gcc/pic32mx/4.5.1/../../../../pic32mx/lib\libc.a(memcpy.o)
                              userLib.a(pwm.o) (memcpy)
c:/program files (x86)/microchip/mplab c32 suite/bin/../lib/gcc/pic32mx/4.5.1/../../../../pic32mx/lib\libc.a(general-exception.o)
                              c:/program files (x86)/microchip/mplab c32 suite/bin/../lib/gcc/pic32mx/4.5.1/../../../../pic32mx/lib/crt0.o (_general_exception_context)
c:/program files (x86)/microchip/mplab c32 suite/bin/../lib/gcc/pic32mx/4.5.1/../../../../pic32mx/lib\libc.a(_iob.o)
                              build/default/production/main.o (_iob)
c:/program files (x86)/microchip/mplab c32 suite/bin/../lib/gcc/pic32mx/4.5.1/../../../../pic32mx/lib\libc.a(malloc.o)
                              userLib.a(pwm.o) (malloc)
c:/program files (x86)/microchip/mplab c32 suite/bin/../lib/gcc/pic32mx/4.5.1/../../../../pic32mx/lib\libc.a(setbuf.o)
                              build/default/production/main.o (setbuf)
c:/program files (x86)/microchip/mplab c32 suite/bin/../lib/gcc/pic32mx/4.5.1/../../../../pic32mx/lib\libc.a(printf_cdnopuxX.eo)
                              build/default/production/main.o (_printf_cdnopuxX)
c:/program files (x86)/microchip/mplab c32 suite/bin/../lib/gcc/pic32mx/4.5.1/../../../../pic32mx/lib\libc.a(sbrk.o)
                              c:/program files (x86)/microchip/mplab c32 suite/bin/../lib/gcc/pic32mx/4.5.1/../../../../pic32mx/lib\libc.a(malloc.o) (sbrk)
c:/program files (x86)/microchip/mplab c32 suite/bin/../lib/gcc/pic32mx/4.5.1/../../../../pic32mx/lib\libc.a(default-general-exception-handler.o)
                              c:/program files (x86)/microchip/mplab c32 suite/bin/../lib/gcc/pic32mx/4.5.1/../../../../pic32mx/lib\libc.a(general-exception.o) (_general_exception_handler)
c:/program files (x86)/microchip/mplab c32 suite/bin/../lib/gcc/pic32mx/4.5.1/../../../../pic32mx/lib\libc.a(default-bootstrap-exception-handler.o)
                              c:/program files (x86)/microchip/mplab c32 suite/bin/../lib/gcc/pic32mx/4.5.1/../../../../pic32mx/lib/crt0.o (_bootstrap_exception_handler)
c:/program files (x86)/microchip/mplab c32 suite/bin/../lib/gcc/pic32mx/4.5.1/../../../../pic32mx/lib\libc.a(default-on-reset.o)
                              c:/program files (x86)/microchip/mplab c32 suite/bin/../lib/gcc/pic32mx/4.5.1/../../../../pic32mx/lib/crt0.o (_on_reset)
c:/program files (x86)/microchip/mplab c32 suite/bin/../lib/gcc/pic32mx/4.5.1/../../../../pic32mx/lib\libc.a(default-on-bootstrap.o)
                              c:/program files (x86)/microchip/mplab c32 suite/bin/../lib/gcc/pic32mx/4.5.1/../../../../pic32mx/lib/crt0.o (_on_bootstrap)
c:/program files (x86)/microchip/mplab c32 suite/bin/../lib/gcc/pic32mx/4.5.1/../../../../pic32mx/lib\libc.a(default-nmi-handler.o)
                              c:/program files (x86)/microchip/mplab c32 suite/bin/../lib/gcc/pic32mx/4.5.1/../../../../pic32mx/lib/crt0.o (_nmi_handler)
c:/program files (x86)/microchip/mplab c32 suite/bin/../lib/gcc/pic32mx/4.5.1/../../../../pic32mx/lib\libc.a(memset.o)
                              c:/program files (x86)/microchip/mplab c32 suite/bin/../lib/gcc/pic32mx/4.5.1/../../../../pic32mx/lib\libc.a(sbrk.o) (memset)
c:/program files (x86)/microchip/mplab c32 suite/bin/../lib/gcc/pic32mx/4.5.1/../../../../pic32mx/lib\libc.a(buf.o)
                              c:/program files (x86)/microchip/mplab c32 suite/bin/../lib/gcc/pic32mx/4.5.1/../../../../pic32mx/lib\libc.a(setbuf.o) (_bufallo)
[...]
Memory Configuration

Name             Origin             Length             Attributes
kseg0_program_mem 0x9d000000         0x00080000         xr
kseg0_boot_mem   0x9fc00490         0x00000970
exception_mem    0x9fc01000         0x00001000
kseg1_boot_mem   0xbfc00000         0x00000490
debug_exec_mem   0xbfc02000         0x00000ff0
config3          0xbfc02ff0         0x00000004
config2          0xbfc02ff4         0x00000004
config1          0xbfc02ff8         0x00000004
config0          0xbfc02ffc         0x00000004
kseg1_data_mem   0xa0000000         0x00020000         w !x
sfrs             0xbf800000         0x00100000
configsfrs       0xbfc02ff0         0x00000010
*default*        0x00000000         0xffffffff

Linker script and memory map

LOAD c:/program files (x86)/microchip/mplab c32 suite/bin/../lib/gcc/pic32mx/4.5.1/../../../../pic32mx/lib/crt0.o
LOAD build/default/production/main.o
LOAD build/default/production/PWM_control.o
LOAD userLib.a
                0x00000001                __MPLAB_BUILD = 0x1
LOAD c:/program files (x86)/microchip/mplab c32 suite/bin/../lib/gcc/pic32mx/4.5.1\libgcc.a
START GROUP
LOAD c:/program files (x86)/microchip/mplab c32 suite/bin/../lib/gcc/pic32mx/4.5.1/../../../../pic32mx/lib\libdebug.a
LOAD c:/program files (x86)/microchip/mplab c32 suite/bin/../lib/gcc/pic32mx/4.5.1/../../../../pic32mx/lib\libc.a
LOAD c:/program files (x86)/microchip/mplab c32 suite/bin/../lib/gcc/pic32mx/4.5.1/../../../../pic32mx/lib\libm.a
LOAD c:/program files (x86)/microchip/mplab c32 suite/bin/../lib/gcc/pic32mx/4.5.1/../../../../pic32mx/lib\libe.a
LOAD c:/program files (x86)/microchip/mplab c32 suite/bin/../lib/gcc/pic32mx/4.5.1/../../../../pic32mx/lib\libdsp.a
LOAD c:/program files (x86)/microchip/mplab c32 suite/bin/../lib/gcc/pic32mx/4.5.1/../../../../pic32mx/lib\libmchp_peripheral.a
LOAD c:/program files (x86)/microchip/mplab c32 suite/bin/../lib/gcc/pic32mx/4.5.1/../../../../pic32mx/lib\libmchp_peripheral_32MX795F512H.a
END GROUP
LOAD c:/program files (x86)/microchip/mplab c32 suite/bin/../lib/gcc/pic32mx/4.5.1\libgcc.a
                0x00000400                PROVIDE (_min_stack_size, 0x400)
                0x00000000                PROVIDE (_min_heap_size, 0x0)
LOAD c:/program files (x86)/microchip/mplab c32 suite/bin/../lib/gcc/pic32mx/4.5.1/../../../../pic32mx/lib/./proc/32MX795F512H\processor.o
                0x00000001                PROVIDE (_vector_spacing, 0x1)
                0x9fc01000                _ebase_address = 0x9fc01000
                0xbfc00000                _RESET_ADDR = 0xbfc00000
                0xbfc00380                _BEV_EXCPT_ADDR = 0xbfc00380
                0xbfc00480                _DBG_EXCPT_ADDR = 0xbfc00480
                0xbfc02000                _DBG_CODE_ADDR = 0xbfc02000
                0x00000ff0                _DBG_CODE_SIZE = 0xff0
                0x9fc01180                _GEN_EXCPT_ADDR = (_ebase_address + 0x180)

.config_BFC02FF0
 *(.config_BFC02FF0)

.config_BFC02FF4
                0xbfc02ff4        0x4
 *(.config_BFC02FF4)
 .config_BFC02FF4
                0xbfc02ff4        0x4 build/default/production/main.o

.config_BFC02FF8
                0xbfc02ff8        0x4
 *(.config_BFC02FF8)
 .config_BFC02FF8
                0xbfc02ff8        0x4 build/default/production/main.o

.config_BFC02FFC
                0xbfc02ffc        0x4
 *(.config_BFC02FFC)
 .config_BFC02FFC
                0xbfc02ffc        0x4 build/default/production/main.o
                0xbfc02000                PROVIDE (_DBG_CODE_ADDR, 0xbfc02000)
                0x00000ff0                PROVIDE (_DBG_CODE_SIZE, 0xff0)

.reset          0xbfc00000      0x1f4
 *(.reset)
 .reset         0xbfc00000       0x10 c:/program files (x86)/microchip/mplab c32 suite/bin/../lib/gcc/pic32mx/4.5.1/../../../../pic32mx/lib/crt0.o
                0xbfc00000                _reset
 *(.reset.startup)
 .reset.startup
                0xbfc00010      0x1e4 c:/program files (x86)/microchip/mplab c32 suite/bin/../lib/gcc/pic32mx/4.5.1/../../../../pic32mx/lib/crt0.o

.bev_excpt      0xbfc00380       0x10
 *(.bev_handler)
 .bev_handler   0xbfc00380       0x10 c:/program files (x86)/microchip/mplab c32 suite/bin/../lib/gcc/pic32mx/4.5.1/../../../../pic32mx/lib/crt0.o

.dbg_excpt      0xbfc00480        0x0
                0xbfc00480                . = (. + DEFINED (_DEBUGGER)?0x8:0x0)

.dbg_code       0xbfc02000        0x0
                0xbfc02000                . = (. + DEFINED (_DEBUGGER)?_DBG_CODE_SIZE:0x0)

.app_excpt      0x9fc01180       0x10
 *(.gen_handler)
 .gen_handler   0x9fc01180       0x10 c:/program files (x86)/microchip/mplab c32 suite/bin/../lib/gcc/pic32mx/4.5.1/../../../../pic32mx/lib/crt0.o

.vector_0       0x9fc01200        0x8
 *(.vector_0)
 .vector_0      0x9fc01200        0x8 userLib.a(free_timer.o)
                0x00000001                ASSERT (((_vector_spacing == 0x0) || (SIZEOF (.vector_0) <= (_vector_spacing << 0x5))), function at exception vector 0 too large)

.vector_1       0x9fc01220        0x0
 *(.vector_1)
                0x00000001                ASSERT (((_vector_spacing == 0x0) || (SIZEOF (.vector_1) <= (_vector_spacing << 0x5))), function at exception vector 1 too large)

.vector_2       0x9fc01240        0x0
 *(.vector_2)
                0x00000001                ASSERT (((_vector_spacing == 0x0) || (SIZEOF (.vector_2) <= (_vector_spacing << 0x5))), function at exception vector 2 too large)

.vector_3       0x9fc01260        0x0
 *(.vector_3)
                0x00000001                ASSERT (((_vector_spacing == 0x0) || (SIZEOF (.vector_3) <= (_vector_spacing << 0x5))), function at exception vector 3 too large)

.vector_4       0x9fc01280        0x0
 *(.vector_4)
                0x00000001                ASSERT (((_vector_spacing == 0x0) || (SIZEOF (.vector_4) <= (_vector_spacing << 0x5))), function at exception vector 4 too large)

.vector_5       0x9fc012a0        0x0
 *(.vector_5)
                0x00000001                ASSERT (((_vector_spacing == 0x0) || (SIZEOF (.vector_5) <= (_vector_spacing << 0x5))), function at exception vector 5 too large)

.vector_6       0x9fc012c0        0x0
 *(.vector_6)
                0x00000001                ASSERT (((_vector_spacing == 0x0) || (SIZEOF (.vector_6) <= (_vector_spacing << 0x5))), function at exception vector 6 too large)

.vector_7       0x9fc012e0        0x0
 *(.vector_7)
                0x00000001                ASSERT (((_vector_spacing == 0x0) || (SIZEOF (.vector_7) <= (_vector_spacing << 0x5))), function at exception vector 7 too large)

.vector_8       0x9fc01300        0x0
 *(.vector_8)
                0x00000001                ASSERT (((_vector_spacing == 0x0) || (SIZEOF (.vector_8) <= (_vector_spacing << 0x5))), function at exception vector 8 too large)

.vector_9       0x9fc01320        0x0
 *(.vector_9)
                0x00000001                ASSERT (((_vector_spacing == 0x0) || (SIZEOF (.vector_9) <= (_vector_spacing << 0x5))), function at exception vector 9 too large)

.vector_10      0x9fc01340        0x0
 *(.vector_10)
                0x00000001                ASSERT (((_vector_spacing == 0x0) || (SIZEOF (.vector_10) <= (_vector_spacing << 0x5))), function at exception vector 10 too large)

.vector_11      0x9fc01360        0x0
 *(.vector_11)
                0x00000001                ASSERT (((_vector_spacing == 0x0) || (SIZEOF (.vector_11) <= (_vector_spacing << 0x5))), function at exception vector 11 too large)

.vector_12      0x9fc01380        0x0
 *(.vector_12)
                0x00000001                ASSERT (((_vector_spacing == 0x0) || (SIZEOF (.vector_12) <= (_vector_spacing << 0x5))), function at exception vector 12 too large)

.vector_13      0x9fc013a0        0x0
 *(.vector_13)
                0x00000001                ASSERT (((_vector_spacing == 0x0) || (SIZEOF (.vector_13) <= (_vector_spacing << 0x5))), function at exception vector 13 too large)

.vector_14      0x9fc013c0        0x0
 *(.vector_14)
                0x00000001                ASSERT (((_vector_spacing == 0x0) || (SIZEOF (.vector_14) <= (_vector_spacing << 0x5))), function at exception vector 14 too large)

.vector_15      0x9fc013e0        0x0
 *(.vector_15)
                0x00000001                ASSERT (((_vector_spacing == 0x0) || (SIZEOF (.vector_15) <= (_vector_spacing << 0x5))), function at exception vector 15 too large)

.vector_16      0x9fc01400        0x0
 *(.vector_16)
                0x00000001                ASSERT (((_vector_spacing == 0x0) || (SIZEOF (.vector_16) <= (_vector_spacing << 0x5))), function at exception vector 16 too large)

.vector_17      0x9fc01420        0x0
 *(.vector_17)
                0x00000001                ASSERT (((_vector_spacing == 0x0) || (SIZEOF (.vector_17) <= (_vector_spacing << 0x5))), function at exception vector 17 too large)

.vector_18      0x9fc01440        0x0
 *(.vector_18)
                0x00000001                ASSERT (((_vector_spacing == 0x0) || (SIZEOF (.vector_18) <= (_vector_spacing << 0x5))), function at exception vector 18 too large)

.vector_19      0x9fc01460        0x0
 *(.vector_19)
                0x00000001                ASSERT (((_vector_spacing == 0x0) || (SIZEOF (.vector_19) <= (_vector_spacing << 0x5))), function at exception vector 19 too large)

.vector_20      0x9fc01480        0x0
 *(.vector_20)
                0x00000001                ASSERT (((_vector_spacing == 0x0) || (SIZEOF (.vector_20) <= (_vector_spacing << 0x5))), function at exception vector 20 too large)

.vector_21      0x9fc014a0        0x0
 *(.vector_21)
                0x00000001                ASSERT (((_vector_spacing == 0x0) || (SIZEOF (.vector_21) <= (_vector_spacing << 0x5))), function at exception vector 21 too large)

.vector_22      0x9fc014c0        0x0
 *(.vector_22)
                0x00000001                ASSERT (((_vector_spacing == 0x0) || (SIZEOF (.vector_22) <= (_vector_spacing << 0x5))), function at exception vector 22 too large)

.vector_23      0x9fc014e0        0x0
 *(.vector_23)
                0x00000001                ASSERT (((_vector_spacing == 0x0) || (SIZEOF (.vector_23) <= (_vector_spacing << 0x5))), function at exception vector 23 too large)

.vector_24      0x9fc01500        0x0
 *(.vector_24)
                0x00000001                ASSERT (((_vector_spacing == 0x0) || (SIZEOF (.vector_24) <= (_vector_spacing << 0x5))), function at exception vector 24 too large)

.vector_25      0x9fc01520        0x0
 *(.vector_25)
                0x00000001                ASSERT (((_vector_spacing == 0x0) || (SIZEOF (.vector_25) <= (_vector_spacing << 0x5))), function at exception vector 25 too large)

.vector_26      0x9fc01540        0x0
 *(.vector_26)
                0x00000001                ASSERT (((_vector_spacing == 0x0) || (SIZEOF (.vector_26) <= (_vector_spacing << 0x5))), function at exception vector 26 too large)

.vector_27      0x9fc01560        0x0
 *(.vector_27)
                0x00000001                ASSERT (((_vector_spacing == 0x0) || (SIZEOF (.vector_27) <= (_vector_spacing << 0x5))), function at exception vector 27 too large)

.vector_28      0x9fc01580        0x0
 *(.vector_28)
                0x00000001                ASSERT (((_vector_spacing == 0x0) || (SIZEOF (.vector_28) <= (_vector_spacing << 0x5))), function at exception vector 28 too large)

.vector_29      0x9fc015a0        0x0
 *(.vector_29)
                0x00000001                ASSERT (((_vector_spacing == 0x0) || (SIZEOF (.vector_29) <= (_vector_spacing << 0x5))), function at exception vector 29 too large)

.vector_30      0x9fc015c0        0x0
 *(.vector_30)
                0x00000001                ASSERT (((_vector_spacing == 0x0) || (SIZEOF (.vector_30) <= (_vector_spacing << 0x5))), function at exception vector 30 too large)

.vector_31      0x9fc015e0        0x0
 *(.vector_31)
                0x00000001                ASSERT (((_vector_spacing == 0x0) || (SIZEOF (.vector_31) <= (_vector_spacing << 0x5))), function at exception vector 31 too large)

.vector_32      0x9fc01600        0x0
 *(.vector_32)
                0x00000001                ASSERT (((_vector_spacing == 0x0) || (SIZEOF (.vector_32) <= (_vector_spacing << 0x5))), function at exception vector 32 too large)

.vector_33      0x9fc01620        0x0
 *(.vector_33)
                0x00000001                ASSERT (((_vector_spacing == 0x0) || (SIZEOF (.vector_33) <= (_vector_spacing << 0x5))), function at exception vector 33 too large)

.vector_34      0x9fc01640        0x0
 *(.vector_34)
                0x00000001                ASSERT (((_vector_spacing == 0x0) || (SIZEOF (.vector_34) <= (_vector_spacing << 0x5))), function at exception vector 34 too large)

.vector_35      0x9fc01660        0x0
 *(.vector_35)
                0x00000001                ASSERT (((_vector_spacing == 0x0) || (SIZEOF (.vector_35) <= (_vector_spacing << 0x5))), function at exception vector 35 too large)

.vector_36      0x9fc01680        0x0
 *(.vector_36)
                0x00000001                ASSERT (((_vector_spacing == 0x0) || (SIZEOF (.vector_36) <= (_vector_spacing << 0x5))), function at exception vector 36 too large)

.vector_37      0x9fc016a0        0x0
 *(.vector_37)
                0x00000001                ASSERT (((_vector_spacing == 0x0) || (SIZEOF (.vector_37) <= (_vector_spacing << 0x5))), function at exception vector 37 too large)

.vector_38      0x9fc016c0        0x0
 *(.vector_38)
                0x00000001                ASSERT (((_vector_spacing == 0x0) || (SIZEOF (.vector_38) <= (_vector_spacing << 0x5))), function at exception vector 38 too large)

.vector_39      0x9fc016e0        0x0
 *(.vector_39)
                0x00000001                ASSERT (((_vector_spacing == 0x0) || (SIZEOF (.vector_39) <= (_vector_spacing << 0x5))), function at exception vector 39 too large)

.vector_40      0x9fc01700        0x0
 *(.vector_40)
                0x00000001                ASSERT (((_vector_spacing == 0x0) || (SIZEOF (.vector_40) <= (_vector_spacing << 0x5))), function at exception vector 40 too large)

.vector_41      0x9fc01720        0x0
 *(.vector_41)
                0x00000001                ASSERT (((_vector_spacing == 0x0) || (SIZEOF (.vector_41) <= (_vector_spacing << 0x5))), function at exception vector 41 too large)

.vector_42      0x9fc01740        0x0
 *(.vector_42)
                0x00000001                ASSERT (((_vector_spacing == 0x0) || (SIZEOF (.vector_42) <= (_vector_spacing << 0x5))), function at exception vector 42 too large)

.vector_43      0x9fc01760        0x0
 *(.vector_43)
                0x00000001                ASSERT (((_vector_spacing == 0x0) || (SIZEOF (.vector_43) <= (_vector_spacing << 0x5))), function at exception vector 43 too large)

.vector_44      0x9fc01780        0x0
 *(.vector_44)
                0x00000001                ASSERT (((_vector_spacing == 0x0) || (SIZEOF (.vector_44) <= (_vector_spacing << 0x5))), function at exception vector 44 too large)

.vector_45      0x9fc017a0        0x0
 *(.vector_45)
                0x00000001                ASSERT (((_vector_spacing == 0x0) || (SIZEOF (.vector_45) <= (_vector_spacing << 0x5))), function at exception vector 45 too large)

.vector_46      0x9fc017c0        0x0
 *(.vector_46)
                0x00000001                ASSERT (((_vector_spacing == 0x0) || (SIZEOF (.vector_46) <= (_vector_spacing << 0x5))), function at exception vector 46 too large)

.vector_47      0x9fc017e0        0x0
 *(.vector_47)
                0x00000001                ASSERT (((_vector_spacing == 0x0) || (SIZEOF (.vector_47) <= (_vector_spacing << 0x5))), function at exception vector 47 too large)

.vector_48      0x9fc01800        0x0
 *(.vector_48)
                0x00000001                ASSERT (((_vector_spacing == 0x0) || (SIZEOF (.vector_48) <= (_vector_spacing << 0x5))), function at exception vector 48 too large)

.vector_49      0x9fc01820        0x0
 *(.vector_49)
                0x00000001                ASSERT (((_vector_spacing == 0x0) || (SIZEOF (.vector_49) <= (_vector_spacing << 0x5))), function at exception vector 49 too large)

.vector_50      0x9fc01840        0x0
 *(.vector_50)
                0x00000001                ASSERT (((_vector_spacing == 0x0) || (SIZEOF (.vector_50) <= (_vector_spacing << 0x5))), function at exception vector 50 too large)

.vector_51      0x9fc01860        0x0
 *(.vector_51)
                0x00000001                ASSERT (((_vector_spacing == 0x0) || (SIZEOF (.vector_51) <= (_vector_spacing << 0x5))), function at exception vector 51 too large)

.vector_52      0x9fc01880        0x0
 *(.vector_52)
                0x00000001                ASSERT (((_vector_spacing == 0x0) || (SIZEOF (.vector_52) <= (_vector_spacing << 0x5))), function at exception vector 52 too large)

.vector_53      0x9fc018a0        0x0
 *(.vector_53)
                0x00000001                ASSERT (((_vector_spacing == 0x0) || (SIZEOF (.vector_53) <= (_vector_spacing << 0x5))), function at exception vector 53 too large)

.vector_54      0x9fc018c0        0x0
 *(.vector_54)
                0x00000001                ASSERT (((_vector_spacing == 0x0) || (SIZEOF (.vector_54) <= (_vector_spacing << 0x5))), function at exception vector 54 too large)

.vector_55      0x9fc018e0        0x0
 *(.vector_55)
                0x00000001                ASSERT (((_vector_spacing == 0x0) || (SIZEOF (.vector_55) <= (_vector_spacing << 0x5))), function at exception vector 55 too large)

.vector_56      0x9fc01900        0x0
 *(.vector_56)
                0x00000001                ASSERT (((_vector_spacing == 0x0) || (SIZEOF (.vector_56) <= (_vector_spacing << 0x5))), function at exception vector 56 too large)

.vector_57      0x9fc01920        0x0
 *(.vector_57)
                0x00000001                ASSERT (((_vector_spacing == 0x0) || (SIZEOF (.vector_57) <= (_vector_spacing << 0x5))), function at exception vector 57 too large)

.vector_58      0x9fc01940        0x0
 *(.vector_58)
                0x00000001                ASSERT (((_vector_spacing == 0x0) || (SIZEOF (.vector_58) <= (_vector_spacing << 0x5))), function at exception vector 58 too large)

.vector_59      0x9fc01960        0x0
 *(.vector_59)
                0x00000001                ASSERT (((_vector_spacing == 0x0) || (SIZEOF (.vector_59) <= (_vector_spacing << 0x5))), function at exception vector 59 too large)

.vector_60      0x9fc01980        0x0
 *(.vector_60)
                0x00000001                ASSERT (((_vector_spacing == 0x0) || (SIZEOF (.vector_60) <= (_vector_spacing << 0x5))), function at exception vector 60 too large)

.vector_61      0x9fc019a0        0x0
 *(.vector_61)
                0x00000001                ASSERT (((_vector_spacing == 0x0) || (SIZEOF (.vector_61) <= (_vector_spacing << 0x5))), function at exception vector 61 too large)

.vector_62      0x9fc019c0        0x0
 *(.vector_62)
                0x00000001                ASSERT (((_vector_spacing == 0x0) || (SIZEOF (.vector_62) <= (_vector_spacing << 0x5))), function at exception vector 62 too large)

.vector_63      0x9fc019e0        0x0
 *(.vector_63)
                0x00000001                ASSERT (((_vector_spacing == 0x0) || (SIZEOF (.vector_63) <= (_vector_spacing << 0x5))), function at exception vector 63 too large)

.startup
 *(.startup)

.text
 *(.stub .gnu.linkonce.t.*)
 *(.text.*personality*)
 *(.mips16.fn.*)
 *(.mips16.call.*)
 *(.gnu.warning)

.rodata         0x9d000000        0x0
 *(.rodata.* .gnu.linkonce.r.*)
 *(.rodata1)
                0x9d000000                . = ALIGN (0x4)

.sdata2         0x9fc00490        0x0
 *(.sdata2 .sdata2.* .gnu.linkonce.s2.*)
                0x9fc00490                . = ALIGN (0x4)

.sbss2          0x9fc00490        0x0
 *(.sbss2 .sbss2.* .gnu.linkonce.sb2.*)
                0x9fc00490                . = ALIGN (0x4)

.eh_frame_hdr
 *(.eh_frame_hdr)

.eh_frame
 *(.eh_frame)

.dbg_data       0xa0000000        0x0
                0xa0000000                . = (. + DEFINED (_DEBUGGER)?0x200:0x0)

.persist        0xa0000000        0x0
                0xa0000000                _persist_begin = .
 *(.persist .persist.*)
                0xa0000000                . = ALIGN (0x4)
                0xa0000000                _persist_end = .

.eh_frame       0xa0000000       0x3c
 *(.eh_frame)
 .eh_frame      0xa0000000       0x28 c:/program files (x86)/microchip/mplab c32 suite/bin/../lib/gcc/pic32mx/4.5.1\libgcc.a(_udivdi3.o)
 .eh_frame      0xa0000028       0x14 c:/program files (x86)/microchip/mplab c32 suite/bin/../lib/gcc/pic32mx/4.5.1\libgcc.a(_umoddi3.o)
                                 0x28 (size before relaxing)
                0xa000003c                . = .
                0xa0008030                _gp = (ALIGN (0x10) + 0x7ff0)

.got
 *(.got.plt)
 *(.got)

.sdata          0xa000003c        0xc
                0xa000003c                _sdata_begin = .
 *(.sdata .sdata.* .gnu.linkonce.s.*)
 .sdata         0xa000003c        0x8 userLib.a(delay.o)
 .sdata         0xa0000044        0x4 c:/program files (x86)/microchip/mplab c32 suite/bin/../lib/gcc/pic32mx/4.5.1/../../../../pic32mx/lib\libc.a(_iob.o)
                0xa0000044                _Files
                0xa0000048                _sdata_end = .

.lit8
 *(.lit8)

.lit4
 *(.lit4)
                0xa0000048                . = ALIGN (0x4)
                0xa0000048                _data_end = .
                0xa0000048                _bss_begin = .

.sbss           0xa0000048       0x2e
                0xa0000048                _sbss_begin = .
 *(.dynsbss)
 *(.sbss .sbss.* .gnu.linkonce.sb.*)
 .sbss          0xa0000048        0x4 userLib.a(uart.o)
 .sbss          0xa000004c        0x2 userLib.a(pwm.o)
 *fill*         0xa000004e        0x2 00
 .sbss          0xa0000050       0x10 userLib.a(free_timer.o)
 .sbss          0xa0000060        0x1 c:/program files (x86)/microchip/mplab c32 suite/bin/../lib/gcc/pic32mx/4.5.1/../../../../pic32mx/lib\libc.a(_iob.o)
                0xa0000060                _outdone
 *fill*         0xa0000061        0x3 00
 .sbss          0xa0000064        0x8 c:/program files (x86)/microchip/mplab c32 suite/bin/../lib/gcc/pic32mx/4.5.1/../../../../pic32mx/lib\libc.a(sbrk.o)
                0xa0000064                _minbrk
                0xa0000068                _maxbrk
 .sbss          0xa000006c        0x4 c:/program files (x86)/microchip/mplab c32 suite/bin/../lib/gcc/pic32mx/4.5.1/../../../../pic32mx/lib\libc.a(errno.o)
                0xa000006c                errno
 *(.scommon)
 .scommon       0xa0000070        0x6 userLib.a(picInit.o)
                0xa0000070                PBCLK
                0xa0000074                TimerTicksPerMicrosec
                0xa0000076                _sbss_end = .

.bss            0xa0000076        0x2
 *(.dynbss)
 *(COMMON)
                0xa0000078                . = ALIGN (0x4)
 *fill*         0xa0000076        0x2 00
                0xa0000078                . = ALIGN (0x4)
                0xa0000078                _end = .
                0xa0000078                _bss_end = .
                0x00020000                _bmxdudba_address = 0x20000
                0x00020000                _bmxdupba_address = 0x20000

/DISCARD/
 *(.pdr)
 *(.reginfo)
 *(.rel.dyn)
 *(.note.GNU-stack)
 *(.note.GNU-stack)
 *(.gnu_debuglink)
 *(.gnu.lto_*)
 *(.discard)

.stab
 *(.stab)

.stabstr
 *(.stabstr)

.stab.excl
 *(.stab.excl)

.stab.exclstr
 *(.stab.exclstr)

.stab.index
 *(.stab.index)

.stab.indexstr
 *(.stab.indexstr)

.comment        0x00000000      0x190
 *(.comment)
 .comment       0x00000000       0x51 build/default/production/main.o
                                 0x52 (size before relaxing)
 .comment       0x00000000       0x52 build/default/production/PWM_control.o
 .comment       0x00000000       0x52 userLib.a(uart.o)
 .comment       0x00000000       0x52 userLib.a(delayT1.o)
 .comment       0x00000000       0x52 userLib.a(picInit.o)
 .comment       0x00000000       0x52 userLib.a(pwm.o)
 .comment       0x00000000       0x52 userLib.a(a2d.o)
 .comment       0x00000000       0x52 userLib.a(delay.o)
 .comment       0x00000000       0x52 userLib.a(free_timer.o)
 .comment       0x00000000       0x52 userLib.a(handle.o)
 .comment       0x00000000       0x52 c:/program files (x86)/microchip/mplab c32 suite/bin/../lib/gcc/pic32mx/4.5.1\libgcc.a(_fixunssfdi.o)
 .comment       0x00000000       0x52 c:/program files (x86)/microchip/mplab c32 suite/bin/../lib/gcc/pic32mx/4.5.1\libgcc.a(_floatundisf.o)
 .comment       0x00000000       0x52 c:/program files (x86)/microchip/mplab c32 suite/bin/../lib/gcc/pic32mx/4.5.1\libgcc.a(floatunsidf.o)
 .comment       0x00000000       0x52 c:/program files (x86)/microchip/mplab c32 suite/bin/../lib/gcc/pic32mx/4.5.1\libgcc.a(floatunsisf.o)
 .comment       0x00000000       0x52 c:/program files (x86)/microchip/mplab c32 suite/bin/../lib/gcc/pic32mx/4.5.1/../../../../pic32mx/lib\libc.a(_iob.o)
 .comment       0x00000000       0x52 c:/program files (x86)/microchip/mplab c32 suite/bin/../lib/gcc/pic32mx/4.5.1/../../../../pic32mx/lib\libc.a(malloc.o)
 .comment       0x00000000       0x52 c:/program files (x86)/microchip/mplab c32 suite/bin/../lib/gcc/pic32mx/4.5.1/../../../../pic32mx/lib\libc.a(setbuf.o)
 .comment       0x00000000       0x52 c:/program files (x86)/microchip/mplab c32 suite/bin/../lib/gcc/pic32mx/4.5.1/../../../../pic32mx/lib\libc.a(printf_cdnopuxX.eo)
 .comment       0x00000051       0x4b c:/program files (x86)/microchip/mplab c32 suite/bin/../lib/gcc/pic32mx/4.5.1/../../../../pic32mx/lib\libc.a(sbrk.o)
                                 0x9d (size before relaxing)
 .comment       0x00000000       0x52 c:/program files (x86)/microchip/mplab c32 suite/bin/../lib/gcc/pic32mx/4.5.1/../../../../pic32mx/lib\libc.a(default-general-exception-handler.o)
 .comment       0x00000000       0x52 c:/program files (x86)/microchip/mplab c32 suite/bin/../lib/gcc/pic32mx/4.5.1/../../../../pic32mx/lib\libc.a(default-bootstrap-exception-handler.o)
 .comment       0x00000000       0x52 c:/program files (x86)/microchip/mplab c32 suite/bin/../lib/gcc/pic32mx/4.5.1/../../../../pic32mx/lib\libc.a(default-on-reset.o)
 .comment       0x00000000       0x52 c:/program files (x86)/microchip/mplab c32 suite/bin/../lib/gcc/pic32mx/4.5.1/../../../../pic32mx/lib\libc.a(default-on-bootstrap.o)
 .comment       0x0000009c       0x55 c:/program files (x86)/microchip/mplab c32 suite/bin/../lib/gcc/pic32mx/4.5.1/../../../../pic32mx/lib\libc.a(memset.o)
                                 0x56 (size before relaxing)
 .comment       0x00000000       0x52 c:/program files (x86)/microchip/mplab c32 suite/bin/../lib/gcc/pic32mx/4.5.1/../../../../pic32mx/lib\libc.a(buf.o)
 .comment       0x00000000       0x52 c:/program files (x86)/microchip/mplab c32 suite/bin/../lib/gcc/pic32mx/4.5.1/../../../../pic32mx/lib\libc.a(errno.o)
 .comment       0x00000000       0x52 c:/program files (x86)/microchip/mplab c32 suite/bin/../lib/gcc/pic32mx/4.5.1/../../../../pic32mx/lib\libc.a(doprnt_cdnopuxX.eo)
 .comment       0x00000000       0x52 c:/program files (x86)/microchip/mplab c32 suite/bin/../lib/gcc/pic32mx/4.5.1/../../../../pic32mx/lib\libc.a(_fputc_simple.o)
 .comment       0x000000f1       0x4e c:/program files (x86)/microchip/mplab c32 suite/bin/../lib/gcc/pic32mx/4.5.1/../../../../pic32mx/lib\libc.a(ctype.o)
                                 0xa0 (size before relaxing)
 .comment       0x00000000       0x52 c:/program files (x86)/microchip/mplab c32 suite/bin/../lib/gcc/pic32mx/4.5.1/../../../../pic32mx/lib\libc.a(write.o)
 .comment       0x00000000       0x52 c:/program files (x86)/microchip/mplab c32 suite/bin/../lib/gcc/pic32mx/4.5.1/../../../../pic32mx/lib\libc.a(_flsbuf_simple.o)
 .comment       0x0000013f       0x51 c:/program files (x86)/microchip/mplab c32 suite/bin/../lib/gcc/pic32mx/4.5.1/../../../../pic32mx/lib\libmchp_peripheral.a(open_core_timer_lib.o)
                                 0x52 (size before relaxing)
 .comment       0x00000000       0x52 c:/program files (x86)/microchip/mplab c32 suite/bin/../lib/gcc/pic32mx/4.5.1/../../../../pic32mx/lib\libmchp_peripheral.a(read_core_timer_lib.o)
 .comment       0x00000000       0x52 c:/program files (x86)/microchip/mplab c32 suite/bin/../lib/gcc/pic32mx/4.5.1/../../../../pic32mx/lib\libmchp_peripheral_32MX795F512H.a(pcache.o)
 .comment       0x00000000       0x52 c:/program files (x86)/microchip/mplab c32 suite/bin/../lib/gcc/pic32mx/4.5.1/../../../../pic32mx/lib\libmchp_peripheral_32MX795F512H.a(int_disable_interrupts_lib.o)
 .comment       0x00000000       0x52 c:/program files (x86)/microchip/mplab c32 suite/bin/../lib/gcc/pic32mx/4.5.1/../../../../pic32mx/lib\libmchp_peripheral_32MX795F512H.a(int_restore_interrupts_lib.o)
 .comment       0x00000000       0x52 c:/program files (x86)/microchip/mplab c32 suite/bin/../lib/gcc/pic32mx/4.5.1/../../../../pic32mx/lib\libmchp_peripheral_32MX795F512H.a(int_enable_mv_int_lib.o)
 .comment       0x00000000       0x52 c:/program files (x86)/microchip/mplab c32 suite/bin/../lib/gcc/pic32mx/4.5.1/../../../../pic32mx/lib\libmchp_peripheral_32MX795F512H.a(port_set_pins_digital_out_lib.o)
 .comment       0x00000000       0x52 c:/program files (x86)/microchip/mplab c32 suite/bin/../lib/gcc/pic32mx/4.5.1/../../../../pic32mx/lib\libmchp_peripheral_32MX795F512H.a(port_clear_bits_lib.o)
 .comment       0x00000000       0x52 c:/program files (x86)/microchip/mplab c32 suite/bin/../lib/gcc/pic32mx/4.5.1/../../../../pic32mx/lib\libmchp_peripheral_32MX795F512H.a(port_set_bits_lib.o)
 .comment       0x00000000       0x52 c:/program files (x86)/microchip/mplab c32 suite/bin/../lib/gcc/pic32mx/4.5.1/../../../../pic32mx/lib\libmchp_peripheral_32MX795F512H.a(_ports_tbl_libp.o)
 .comment       0x00000000       0x52 c:/program files (x86)/microchip/mplab c32 suite/bin/../lib/gcc/pic32mx/4.5.1/../../../../pic32mx/lib\libmchp_peripheral_32MX795F512H.a(uart_lib.o)
 .comment       0x00000000       0x52 c:/program files (x86)/microchip/mplab c32 suite/bin/../lib/gcc/pic32mx/4.5.1/../../../../pic32mx/lib\libmchp_peripheral_32MX795F512H.a(int_enable_interrupts_lib.o)
 .comment       0x00000000       0x52 c:/program files (x86)/microchip/mplab c32 suite/bin/../lib/gcc/pic32mx/4.5.1\libgcc.a(_udivdi3.o)
 .comment       0x00000000       0x52 c:/program files (x86)/microchip/mplab c32 suite/bin/../lib/gcc/pic32mx/4.5.1\libgcc.a(_umoddi3.o)

.debug
 *(.debug)

.line
 *(.line)

.debug_srcinfo
 *(.debug_srcinfo)

.debug_sfnames
 *(.debug_sfnames)

.debug_aranges  0x00000000      0x580
 *(.debug_aranges)
 .debug_aranges
                0x00000000       0x20 build/default/production/main.o
 .debug_aranges
                0x00000020       0x20 build/default/production/PWM_control.o
 .debug_aranges
                0x00000040       0x20 userLib.a(uart.o)
 .debug_aranges
                0x00000060       0x20 userLib.a(delayT1.o)
 .debug_aranges
                0x00000080       0x20 userLib.a(picInit.o)
 .debug_aranges
                0x000000a0       0x20 userLib.a(pwm.o)
 .debug_aranges
                0x000000c0       0x20 userLib.a(a2d.o)
 .debug_aranges
                0x000000e0       0x20 userLib.a(delay.o)
 .debug_aranges
                0x00000100       0x20 userLib.a(free_timer.o)
 .debug_aranges
                0x00000120       0x20 userLib.a(handle.o)
 .debug_aranges
                0x00000140       0x20 c:/program files (x86)/microchip/mplab c32 suite/bin/../lib/gcc/pic32mx/4.5.1\libgcc.a(_fixunssfdi.o)
 .debug_aranges
                0x00000160       0x20 c:/program files (x86)/microchip/mplab c32 suite/bin/../lib/gcc/pic32mx/4.5.1\libgcc.a(_floatundisf.o)
 .debug_aranges
                0x00000180       0x20 c:/program files (x86)/microchip/mplab c32 suite/bin/../lib/gcc/pic32mx/4.5.1\libgcc.a(floatunsidf.o)
 .debug_aranges
                0x000001a0       0x20 c:/program files (x86)/microchip/mplab c32 suite/bin/../lib/gcc/pic32mx/4.5.1\libgcc.a(floatunsisf.o)
 .debug_aranges
                0x000001c0       0x30 c:/program files (x86)/microchip/mplab c32 suite/bin/../lib/gcc/pic32mx/4.5.1/../../../../pic32mx/lib\libc.a(malloc.o)
 .debug_aranges
                0x000001f0       0x28 c:/program files (x86)/microchip/mplab c32 suite/bin/../lib/gcc/pic32mx/4.5.1/../../../../pic32mx/lib\libc.a(setbuf.o)
 .debug_aranges
                0x00000218       0x20 c:/program files (x86)/microchip/mplab c32 suite/bin/../lib/gcc/pic32mx/4.5.1/../../../../pic32mx/lib\libc.a(printf_cdnopuxX.eo)
 .debug_aranges
                0x00000238       0x40 c:/program files (x86)/microchip/mplab c32 suite/bin/../lib/gcc/pic32mx/4.5.1/../../../../pic32mx/lib\libc.a(sbrk.o)
 .debug_aranges
                0x00000278       0x20 c:/program files (x86)/microchip/mplab c32 suite/bin/../lib/gcc/pic32mx/4.5.1/../../../../pic32mx/lib\libc.a(default-general-exception-handler.o)
 .debug_aranges
                0x00000298       0x20 c:/program files (x86)/microchip/mplab c32 suite/bin/../lib/gcc/pic32mx/4.5.1/../../../../pic32mx/lib\libc.a(default-bootstrap-exception-handler.o)
 .debug_aranges
                0x000002b8       0x20 c:/program files (x86)/microchip/mplab c32 suite/bin/../lib/gcc/pic32mx/4.5.1/../../../../pic32mx/lib\libc.a(default-on-reset.o)
 .debug_aranges
                0x000002d8       0x20 c:/program files (x86)/microchip/mplab c32 suite/bin/../lib/gcc/pic32mx/4.5.1/../../../../pic32mx/lib\libc.a(default-on-bootstrap.o)
 .debug_aranges
                0x000002f8       0x28 c:/program files (x86)/microchip/mplab c32 suite/bin/../lib/gcc/pic32mx/4.5.1/../../../../pic32mx/lib\libc.a(buf.o)
 .debug_aranges
                0x00000320       0x20 c:/program files (x86)/microchip/mplab c32 suite/bin/../lib/gcc/pic32mx/4.5.1/../../../../pic32mx/lib\libc.a(doprnt_cdnopuxX.eo)
 .debug_aranges
                0x00000340       0x20 c:/program files (x86)/microchip/mplab c32 suite/bin/../lib/gcc/pic32mx/4.5.1/../../../../pic32mx/lib\libc.a(_fputc_simple.o)
 .debug_aranges
                0x00000360       0x20 c:/program files (x86)/microchip/mplab c32 suite/bin/../lib/gcc/pic32mx/4.5.1/../../../../pic32mx/lib\libc.a(write.o)
 .debug_aranges
                0x00000380       0x20 c:/program files (x86)/microchip/mplab c32 suite/bin/../lib/gcc/pic32mx/4.5.1/../../../../pic32mx/lib\libc.a(_flsbuf_simple.o)
 .debug_aranges
                0x000003a0       0x20 c:/program files (x86)/microchip/mplab c32 suite/bin/../lib/gcc/pic32mx/4.5.1/../../../../pic32mx/lib\libmchp_peripheral.a(open_core_timer_lib.o)
 .debug_aranges
                0x000003c0       0x20 c:/program files (x86)/microchip/mplab c32 suite/bin/../lib/gcc/pic32mx/4.5.1/../../../../pic32mx/lib\libmchp_peripheral.a(read_core_timer_lib.o)
 .debug_aranges
                0x000003e0       0x28 c:/program files (x86)/microchip/mplab c32 suite/bin/../lib/gcc/pic32mx/4.5.1/../../../../pic32mx/lib\libmchp_peripheral_32MX795F512H.a(pcache.o)
 .debug_aranges
                0x00000408       0x20 c:/program files (x86)/microchip/mplab c32 suite/bin/../lib/gcc/pic32mx/4.5.1/../../../../pic32mx/lib\libmchp_peripheral_32MX795F512H.a(int_disable_interrupts_lib.o)
 .debug_aranges
                0x00000428       0x20 c:/program files (x86)/microchip/mplab c32 suite/bin/../lib/gcc/pic32mx/4.5.1/../../../../pic32mx/lib\libmchp_peripheral_32MX795F512H.a(int_restore_interrupts_lib.o)
 .debug_aranges
                0x00000448       0x20 c:/program files (x86)/microchip/mplab c32 suite/bin/../lib/gcc/pic32mx/4.5.1/../../../../pic32mx/lib\libmchp_peripheral_32MX795F512H.a(int_enable_mv_int_lib.o)
 .debug_aranges
                0x00000468       0x20 c:/program files (x86)/microchip/mplab c32 suite/bin/../lib/gcc/pic32mx/4.5.1/../../../../pic32mx/lib\libmchp_peripheral_32MX795F512H.a(port_set_pins_digital_out_lib.o)
 .debug_aranges
                0x00000488       0x20 c:/program files (x86)/microchip/mplab c32 suite/bin/../lib/gcc/pic32mx/4.5.1/../../../../pic32mx/lib\libmchp_peripheral_32MX795F512H.a(port_clear_bits_lib.o)
 .debug_aranges
                0x000004a8       0x20 c:/program files (x86)/microchip/mplab c32 suite/bin/../lib/gcc/pic32mx/4.5.1/../../../../pic32mx/lib\libmchp_peripheral_32MX795F512H.a(port_set_bits_lib.o)
 .debug_aranges
                0x000004c8       0x58 c:/program files (x86)/microchip/mplab c32 suite/bin/../lib/gcc/pic32mx/4.5.1/../../../../pic32mx/lib\libmchp_peripheral_32MX795F512H.a(uart_lib.o)
 .debug_aranges
                0x00000520       0x20 c:/program files (x86)/microchip/mplab c32 suite/bin/../lib/gcc/pic32mx/4.5.1/../../../../pic32mx/lib\libmchp_peripheral_32MX795F512H.a(int_enable_interrupts_lib.o)
 .debug_aranges
                0x00000540       0x20 c:/program files (x86)/microchip/mplab c32 suite/bin/../lib/gcc/pic32mx/4.5.1\libgcc.a(_udivdi3.o)
 .debug_aranges
                0x00000560       0x20 c:/program files (x86)/microchip/mplab c32 suite/bin/../lib/gcc/pic32mx/4.5.1\libgcc.a(_umoddi3.o)

.debug_pubnames
                0x00000000      0x8ee
 *(.debug_pubnames)
 .debug_pubnames
                0x00000000       0x36 build/default/production/main.o
 .debug_pubnames
                0x00000036       0x4b build/default/production/PWM_control.o
 .debug_pubnames
                0x00000081       0x48 userLib.a(uart.o)
 .debug_pubnames
                0x000000c9       0x41 userLib.a(delayT1.o)
 .debug_pubnames
                0x0000010a       0x42 userLib.a(picInit.o)
 .debug_pubnames
                0x0000014c       0x38 userLib.a(pwm.o)
 .debug_pubnames
                0x00000184       0x2c userLib.a(a2d.o)
 .debug_pubnames
                0x000001b0       0x4a userLib.a(delay.o)
 .debug_pubnames
                0x000001fa      0x147 userLib.a(free_timer.o)
 .debug_pubnames
                0x00000341       0x51 userLib.a(handle.o)
 .debug_pubnames
                0x00000392       0x23 c:/program files (x86)/microchip/mplab c32 suite/bin/../lib/gcc/pic32mx/4.5.1\libgcc.a(_fixunssfdi.o)
 .debug_pubnames
                0x000003b5       0x24 c:/program files (x86)/microchip/mplab c32 suite/bin/../lib/gcc/pic32mx/4.5.1\libgcc.a(_floatundisf.o)
 .debug_pubnames
                0x000003d9       0x24 c:/program files (x86)/microchip/mplab c32 suite/bin/../lib/gcc/pic32mx/4.5.1\libgcc.a(floatunsidf.o)
 .debug_pubnames
                0x000003fd       0x24 c:/program files (x86)/microchip/mplab c32 suite/bin/../lib/gcc/pic32mx/4.5.1\libgcc.a(floatunsisf.o)
 .debug_pubnames
                0x00000421       0x32 c:/program files (x86)/microchip/mplab c32 suite/bin/../lib/gcc/pic32mx/4.5.1/../../../../pic32mx/lib\libc.a(malloc.o)
 .debug_pubnames
                0x00000453       0x29 c:/program files (x86)/microchip/mplab c32 suite/bin/../lib/gcc/pic32mx/4.5.1/../../../../pic32mx/lib\libc.a(setbuf.o)
 .debug_pubnames
                0x0000047c       0x27 c:/program files (x86)/microchip/mplab c32 suite/bin/../lib/gcc/pic32mx/4.5.1/../../../../pic32mx/lib\libc.a(printf_cdnopuxX.eo)
 .debug_pubnames
                0x000004a3       0x5c c:/program files (x86)/microchip/mplab c32 suite/bin/../lib/gcc/pic32mx/4.5.1/../../../../pic32mx/lib\libc.a(sbrk.o)
 .debug_pubnames
                0x000004ff       0x31 c:/program files (x86)/microchip/mplab c32 suite/bin/../lib/gcc/pic32mx/4.5.1/../../../../pic32mx/lib\libc.a(default-general-exception-handler.o)
 .debug_pubnames
                0x00000530       0x33 c:/program files (x86)/microchip/mplab c32 suite/bin/../lib/gcc/pic32mx/4.5.1/../../../../pic32mx/lib\libc.a(default-bootstrap-exception-handler.o)
 .debug_pubnames
                0x00000563       0x20 c:/program files (x86)/microchip/mplab c32 suite/bin/../lib/gcc/pic32mx/4.5.1/../../../../pic32mx/lib\libc.a(default-on-reset.o)
 .debug_pubnames
                0x00000583       0x24 c:/program files (x86)/microchip/mplab c32 suite/bin/../lib/gcc/pic32mx/4.5.1/../../../../pic32mx/lib\libc.a(default-on-bootstrap.o)
 .debug_pubnames
                0x000005a7       0x2c c:/program files (x86)/microchip/mplab c32 suite/bin/../lib/gcc/pic32mx/4.5.1/../../../../pic32mx/lib\libc.a(buf.o)
 .debug_pubnames
                0x000005d3       0x29 c:/program files (x86)/microchip/mplab c32 suite/bin/../lib/gcc/pic32mx/4.5.1/../../../../pic32mx/lib\libc.a(doprnt_cdnopuxX.eo)
 .debug_pubnames
                0x000005fc       0x1c c:/program files (x86)/microchip/mplab c32 suite/bin/../lib/gcc/pic32mx/4.5.1/../../../../pic32mx/lib\libc.a(_fputc_simple.o)
 .debug_pubnames
                0x00000618       0x1c c:/program files (x86)/microchip/mplab c32 suite/bin/../lib/gcc/pic32mx/4.5.1/../../../../pic32mx/lib\libc.a(write.o)
 .debug_pubnames
                0x00000634       0x1e c:/program files (x86)/microchip/mplab c32 suite/bin/../lib/gcc/pic32mx/4.5.1/../../../../pic32mx/lib\libc.a(_flsbuf_simple.o)
 .debug_pubnames
                0x00000652       0x24 c:/program files (x86)/microchip/mplab c32 suite/bin/../lib/gcc/pic32mx/4.5.1/../../../../pic32mx/lib\libmchp_peripheral.a(open_core_timer_lib.o)
 .debug_pubnames
                0x00000676       0x24 c:/program files (x86)/microchip/mplab c32 suite/bin/../lib/gcc/pic32mx/4.5.1/../../../../pic32mx/lib\libmchp_peripheral.a(read_core_timer_lib.o)
 .debug_pubnames
                0x0000069a       0x3b c:/program files (x86)/microchip/mplab c32 suite/bin/../lib/gcc/pic32mx/4.5.1/../../../../pic32mx/lib\libmchp_peripheral_32MX795F512H.a(pcache.o)
 .debug_pubnames
                0x000006d5       0x2b c:/program files (x86)/microchip/mplab c32 suite/bin/../lib/gcc/pic32mx/4.5.1/../../../../pic32mx/lib\libmchp_peripheral_32MX795F512H.a(int_disable_interrupts_lib.o)
 .debug_pubnames
                0x00000700       0x2b c:/program files (x86)/microchip/mplab c32 suite/bin/../lib/gcc/pic32mx/4.5.1/../../../../pic32mx/lib\libmchp_peripheral_32MX795F512H.a(int_restore_interrupts_lib.o)
 .debug_pubnames
                0x0000072b       0x36 c:/program files (x86)/microchip/mplab c32 suite/bin/../lib/gcc/pic32mx/4.5.1/../../../../pic32mx/lib\libmchp_peripheral_32MX795F512H.a(int_enable_mv_int_lib.o)
 .debug_pubnames
                0x00000761       0x2c c:/program files (x86)/microchip/mplab c32 suite/bin/../lib/gcc/pic32mx/4.5.1/../../../../pic32mx/lib\libmchp_peripheral_32MX795F512H.a(port_set_pins_digital_out_lib.o)
 .debug_pubnames
                0x0000078d       0x24 c:/program files (x86)/microchip/mplab c32 suite/bin/../lib/gcc/pic32mx/4.5.1/../../../../pic32mx/lib\libmchp_peripheral_32MX795F512H.a(port_clear_bits_lib.o)
 .debug_pubnames
                0x000007b1       0x22 c:/program files (x86)/microchip/mplab c32 suite/bin/../lib/gcc/pic32mx/4.5.1/../../../../pic32mx/lib\libmchp_peripheral_32MX795F512H.a(port_set_bits_lib.o)
 .debug_pubnames
                0x000007d3       0xb1 c:/program files (x86)/microchip/mplab c32 suite/bin/../lib/gcc/pic32mx/4.5.1/../../../../pic32mx/lib\libmchp_peripheral_32MX795F512H.a(uart_lib.o)
 .debug_pubnames
                0x00000884       0x2a c:/program files (x86)/microchip/mplab c32 suite/bin/../lib/gcc/pic32mx/4.5.1/../../../../pic32mx/lib\libmchp_peripheral_32MX795F512H.a(int_enable_interrupts_lib.o)
 .debug_pubnames
                0x000008ae       0x20 c:/program files (x86)/microchip/mplab c32 suite/bin/../lib/gcc/pic32mx/4.5.1\libgcc.a(_udivdi3.o)
 .debug_pubnames
                0x000008ce       0x20 c:/program files (x86)/microchip/mplab c32 suite/bin/../lib/gcc/pic32mx/4.5.1\libgcc.a(_umoddi3.o)

.debug_info     0x00000000    0x102c4
 *(.debug_info .gnu.linkonce.wi.*)
 .debug_info    0x00000000     0x1ae1 build/default/production/main.o
 .debug_info    0x00001ae1     0x137f build/default/production/PWM_control.o
 .debug_info    0x00002e60     0x171f userLib.a(uart.o)
 .debug_info    0x0000457f     0x125d userLib.a(delayT1.o)
 .debug_info    0x000057dc     0x14ec userLib.a(picInit.o)
 .debug_info    0x00006cc8     0x1733 userLib.a(pwm.o)
 .debug_info    0x000083fb     0x1651 userLib.a(a2d.o)
 .debug_info    0x00009a4c     0x12eb userLib.a(delay.o)
 .debug_info    0x0000ad37     0x1583 userLib.a(free_timer.o)
 .debug_info    0x0000c2ba     0x129c userLib.a(handle.o)
 .debug_info    0x0000d556      0x2b4 c:/program files (x86)/microchip/mplab c32 suite/bin/../lib/gcc/pic32mx/4.5.1\libgcc.a(_fixunssfdi.o)
 .debug_info    0x0000d80a      0x2d0 c:/program files (x86)/microchip/mplab c32 suite/bin/../lib/gcc/pic32mx/4.5.1\libgcc.a(_floatundisf.o)
 .debug_info    0x0000dada      0x19b c:/program files (x86)/microchip/mplab c32 suite/bin/../lib/gcc/pic32mx/4.5.1\libgcc.a(floatunsidf.o)
 .debug_info    0x0000dc75      0x188 c:/program files (x86)/microchip/mplab c32 suite/bin/../lib/gcc/pic32mx/4.5.1\libgcc.a(floatunsisf.o)
 .debug_info    0x0000ddfd        0x0 c:/program files (x86)/microchip/mplab c32 suite/bin/../lib/gcc/pic32mx/4.5.1/../../../../pic32mx/lib\libc.a(_iob.o)
 .debug_info    0x0000ddfd      0x100 c:/program files (x86)/microchip/mplab c32 suite/bin/../lib/gcc/pic32mx/4.5.1/../../../../pic32mx/lib\libc.a(malloc.o)
 .debug_info    0x0000defd       0xe7 c:/program files (x86)/microchip/mplab c32 suite/bin/../lib/gcc/pic32mx/4.5.1/../../../../pic32mx/lib\libc.a(setbuf.o)
 .debug_info    0x0000dfe4       0xe2 c:/program files (x86)/microchip/mplab c32 suite/bin/../lib/gcc/pic32mx/4.5.1/../../../../pic32mx/lib\libc.a(printf_cdnopuxX.eo)
 .debug_info    0x0000e0c6      0x139 c:/program files (x86)/microchip/mplab c32 suite/bin/../lib/gcc/pic32mx/4.5.1/../../../../pic32mx/lib\libc.a(sbrk.o)
 .debug_info    0x0000e1ff      0x102 c:/program files (x86)/microchip/mplab c32 suite/bin/../lib/gcc/pic32mx/4.5.1/../../../../pic32mx/lib\libc.a(default-general-exception-handler.o)
 .debug_info    0x0000e301      0x106 c:/program files (x86)/microchip/mplab c32 suite/bin/../lib/gcc/pic32mx/4.5.1/../../../../pic32mx/lib\libc.a(default-bootstrap-exception-handler.o)
 .debug_info    0x0000e407       0xe0 c:/program files (x86)/microchip/mplab c32 suite/bin/../lib/gcc/pic32mx/4.5.1/../../../../pic32mx/lib\libc.a(default-on-reset.o)
 .debug_info    0x0000e4e7       0xe8 c:/program files (x86)/microchip/mplab c32 suite/bin/../lib/gcc/pic32mx/4.5.1/../../../../pic32mx/lib\libc.a(default-on-bootstrap.o)
 .debug_info    0x0000e5cf       0xf6 c:/program files (x86)/microchip/mplab c32 suite/bin/../lib/gcc/pic32mx/4.5.1/../../../../pic32mx/lib\libc.a(buf.o)
 .debug_info    0x0000e6c5        0x0 c:/program files (x86)/microchip/mplab c32 suite/bin/../lib/gcc/pic32mx/4.5.1/../../../../pic32mx/lib\libc.a(errno.o)
 .debug_info    0x0000e6c5       0xe5 c:/program files (x86)/microchip/mplab c32 suite/bin/../lib/gcc/pic32mx/4.5.1/../../../../pic32mx/lib\libc.a(doprnt_cdnopuxX.eo)
 .debug_info    0x0000e7aa       0xd6 c:/program files (x86)/microchip/mplab c32 suite/bin/../lib/gcc/pic32mx/4.5.1/../../../../pic32mx/lib\libc.a(_fputc_simple.o)
 .debug_info    0x0000e880        0x0 c:/program files (x86)/microchip/mplab c32 suite/bin/../lib/gcc/pic32mx/4.5.1/../../../../pic32mx/lib\libc.a(ctype.o)
 .debug_info    0x0000e880       0xd1 c:/program files (x86)/microchip/mplab c32 suite/bin/../lib/gcc/pic32mx/4.5.1/../../../../pic32mx/lib\libc.a(write.o)
 .debug_info    0x0000e951       0xd9 c:/program files (x86)/microchip/mplab c32 suite/bin/../lib/gcc/pic32mx/4.5.1/../../../../pic32mx/lib\libc.a(_flsbuf_simple.o)
 .debug_info    0x0000ea2a       0xbf c:/program files (x86)/microchip/mplab c32 suite/bin/../lib/gcc/pic32mx/4.5.1/../../../../pic32mx/lib\libmchp_peripheral.a(open_core_timer_lib.o)
 .debug_info    0x0000eae9       0xbf c:/program files (x86)/microchip/mplab c32 suite/bin/../lib/gcc/pic32mx/4.5.1/../../../../pic32mx/lib\libmchp_peripheral.a(read_core_timer_lib.o)
 .debug_info    0x0000eba8       0xd4 c:/program files (x86)/microchip/mplab c32 suite/bin/../lib/gcc/pic32mx/4.5.1/../../../../pic32mx/lib\libmchp_peripheral_32MX795F512H.a(pcache.o)
 .debug_info    0x0000ec7c       0xcb c:/program files (x86)/microchip/mplab c32 suite/bin/../lib/gcc/pic32mx/4.5.1/../../../../pic32mx/lib\libmchp_peripheral_32MX795F512H.a(int_disable_interrupts_lib.o)
 .debug_info    0x0000ed47       0xcb c:/program files (x86)/microchip/mplab c32 suite/bin/../lib/gcc/pic32mx/4.5.1/../../../../pic32mx/lib\libmchp_peripheral_32MX795F512H.a(int_restore_interrupts_lib.o)
 .debug_info    0x0000ee12       0xd1 c:/program files (x86)/microchip/mplab c32 suite/bin/../lib/gcc/pic32mx/4.5.1/../../../../pic32mx/lib\libmchp_peripheral_32MX795F512H.a(int_enable_mv_int_lib.o)
 .debug_info    0x0000eee3       0xd1 c:/program files (x86)/microchip/mplab c32 suite/bin/../lib/gcc/pic32mx/4.5.1/../../../../pic32mx/lib\libmchp_peripheral_32MX795F512H.a(port_set_pins_digital_out_lib.o)
 .debug_info    0x0000efb4       0xbf c:/program files (x86)/microchip/mplab c32 suite/bin/../lib/gcc/pic32mx/4.5.1/../../../../pic32mx/lib\libmchp_peripheral_32MX795F512H.a(port_clear_bits_lib.o)
 .debug_info    0x0000f073       0xbb c:/program files (x86)/microchip/mplab c32 suite/bin/../lib/gcc/pic32mx/4.5.1/../../../../pic32mx/lib\libmchp_peripheral_32MX795F512H.a(port_set_bits_lib.o)
 .debug_info    0x0000f12e        0x0 c:/program files (x86)/microchip/mplab c32 suite/bin/../lib/gcc/pic32mx/4.5.1/../../../../pic32mx/lib\libmchp_peripheral_32MX795F512H.a(_ports_tbl_libp.o)
 .debug_info    0x0000f12e      0x18a c:/program files (x86)/microchip/mplab c32 suite/bin/../lib/gcc/pic32mx/4.5.1/../../../../pic32mx/lib\libmchp_peripheral_32MX795F512H.a(uart_lib.o)
 .debug_info    0x0000f2b8       0xc9 c:/program files (x86)/microchip/mplab c32 suite/bin/../lib/gcc/pic32mx/4.5.1/../../../../pic32mx/lib\libmchp_peripheral_32MX795F512H.a(int_enable_interrupts_lib.o)
 .debug_info    0x0000f381      0x783 c:/program files (x86)/microchip/mplab c32 suite/bin/../lib/gcc/pic32mx/4.5.1\libgcc.a(_udivdi3.o)
 .debug_info    0x0000fb04      0x7c0 c:/program files (x86)/microchip/mplab c32 suite/bin/../lib/gcc/pic32mx/4.5.1\libgcc.a(_umoddi3.o)

.debug_abbrev   0x00000000     0x1b89
 *(.debug_abbrev)
 .debug_abbrev  0x00000000      0x20c build/default/production/main.o
 .debug_abbrev  0x0000020c      0x1dc build/default/production/PWM_control.o
 .debug_abbrev  0x000003e8      0x244 userLib.a(uart.o)
 .debug_abbrev  0x0000062c      0x19f userLib.a(delayT1.o)
 .debug_abbrev  0x000007cb      0x29d userLib.a(picInit.o)
 .debug_abbrev  0x00000a68      0x1d3 userLib.a(pwm.o)
 .debug_abbrev  0x00000c3b      0x1b4 userLib.a(a2d.o)
 .debug_abbrev  0x00000def      0x1aa userLib.a(delay.o)
 .debug_abbrev  0x00000f99      0x1ef userLib.a(free_timer.o)
 .debug_abbrev  0x00001188      0x1bd userLib.a(handle.o)
 .debug_abbrev  0x00001345       0x86 c:/program files (x86)/microchip/mplab c32 suite/bin/../lib/gcc/pic32mx/4.5.1\libgcc.a(_fixunssfdi.o)
 .debug_abbrev  0x000013cb       0x79 c:/program files (x86)/microchip/mplab c32 suite/bin/../lib/gcc/pic32mx/4.5.1\libgcc.a(_floatundisf.o)
 .debug_abbrev  0x00001444       0x61 c:/program files (x86)/microchip/mplab c32 suite/bin/../lib/gcc/pic32mx/4.5.1\libgcc.a(floatunsidf.o)
 .debug_abbrev  0x000014a5       0x61 c:/program files (x86)/microchip/mplab c32 suite/bin/../lib/gcc/pic32mx/4.5.1\libgcc.a(floatunsisf.o)
 .debug_abbrev  0x00001506        0x1 c:/program files (x86)/microchip/mplab c32 suite/bin/../lib/gcc/pic32mx/4.5.1/../../../../pic32mx/lib\libc.a(_iob.o)
 .debug_abbrev  0x00001507       0x41 c:/program files (x86)/microchip/mplab c32 suite/bin/../lib/gcc/pic32mx/4.5.1/../../../../pic32mx/lib\libc.a(malloc.o)
 .debug_abbrev  0x00001548       0x25 c:/program files (x86)/microchip/mplab c32 suite/bin/../lib/gcc/pic32mx/4.5.1/../../../../pic32mx/lib\libc.a(setbuf.o)
 .debug_abbrev  0x0000156d       0x27 c:/program files (x86)/microchip/mplab c32 suite/bin/../lib/gcc/pic32mx/4.5.1/../../../../pic32mx/lib\libc.a(printf_cdnopuxX.eo)
 .debug_abbrev  0x00001594       0x38 c:/program files (x86)/microchip/mplab c32 suite/bin/../lib/gcc/pic32mx/4.5.1/../../../../pic32mx/lib\libc.a(sbrk.o)
 .debug_abbrev  0x000015cc       0x25 c:/program files (x86)/microchip/mplab c32 suite/bin/../lib/gcc/pic32mx/4.5.1/../../../../pic32mx/lib\libc.a(default-general-exception-handler.o)
 .debug_abbrev  0x000015f1       0x25 c:/program files (x86)/microchip/mplab c32 suite/bin/../lib/gcc/pic32mx/4.5.1/../../../../pic32mx/lib\libc.a(default-bootstrap-exception-handler.o)
 .debug_abbrev  0x00001616       0x25 c:/program files (x86)/microchip/mplab c32 suite/bin/../lib/gcc/pic32mx/4.5.1/../../../../pic32mx/lib\libc.a(default-on-reset.o)
 .debug_abbrev  0x0000163b       0x25 c:/program files (x86)/microchip/mplab c32 suite/bin/../lib/gcc/pic32mx/4.5.1/../../../../pic32mx/lib\libc.a(default-on-bootstrap.o)
 .debug_abbrev  0x00001660       0x49 c:/program files (x86)/microchip/mplab c32 suite/bin/../lib/gcc/pic32mx/4.5.1/../../../../pic32mx/lib\libc.a(buf.o)
 .debug_abbrev  0x000016a9        0x1 c:/program files (x86)/microchip/mplab c32 suite/bin/../lib/gcc/pic32mx/4.5.1/../../../../pic32mx/lib\libc.a(errno.o)
 .debug_abbrev  0x000016aa       0x27 c:/program files (x86)/microchip/mplab c32 suite/bin/../lib/gcc/pic32mx/4.5.1/../../../../pic32mx/lib\libc.a(doprnt_cdnopuxX.eo)
 .debug_abbrev  0x000016d1       0x27 c:/program files (x86)/microchip/mplab c32 suite/bin/../lib/gcc/pic32mx/4.5.1/../../../../pic32mx/lib\libc.a(_fputc_simple.o)
 .debug_abbrev  0x000016f8        0x1 c:/program files (x86)/microchip/mplab c32 suite/bin/../lib/gcc/pic32mx/4.5.1/../../../../pic32mx/lib\libc.a(ctype.o)
 .debug_abbrev  0x000016f9       0x25 c:/program files (x86)/microchip/mplab c32 suite/bin/../lib/gcc/pic32mx/4.5.1/../../../../pic32mx/lib\libc.a(write.o)
 .debug_abbrev  0x0000171e       0x27 c:/program files (x86)/microchip/mplab c32 suite/bin/../lib/gcc/pic32mx/4.5.1/../../../../pic32mx/lib\libc.a(_flsbuf_simple.o)
 .debug_abbrev  0x00001745       0x25 c:/program files (x86)/microchip/mplab c32 suite/bin/../lib/gcc/pic32mx/4.5.1/../../../../pic32mx/lib\libmchp_peripheral.a(open_core_timer_lib.o)
 .debug_abbrev  0x0000176a       0x25 c:/program files (x86)/microchip/mplab c32 suite/bin/../lib/gcc/pic32mx/4.5.1/../../../../pic32mx/lib\libmchp_peripheral.a(read_core_timer_lib.o)
 .debug_abbrev  0x0000178f       0x25 c:/program files (x86)/microchip/mplab c32 suite/bin/../lib/gcc/pic32mx/4.5.1/../../../../pic32mx/lib\libmchp_peripheral_32MX795F512H.a(pcache.o)
 .debug_abbrev  0x000017b4       0x25 c:/program files (x86)/microchip/mplab c32 suite/bin/../lib/gcc/pic32mx/4.5.1/../../../../pic32mx/lib\libmchp_peripheral_32MX795F512H.a(int_disable_interrupts_lib.o)
 .debug_abbrev  0x000017d9       0x25 c:/program files (x86)/microchip/mplab c32 suite/bin/../lib/gcc/pic32mx/4.5.1/../../../../pic32mx/lib\libmchp_peripheral_32MX795F512H.a(int_restore_interrupts_lib.o)
 .debug_abbrev  0x000017fe       0x25 c:/program files (x86)/microchip/mplab c32 suite/bin/../lib/gcc/pic32mx/4.5.1/../../../../pic32mx/lib\libmchp_peripheral_32MX795F512H.a(int_enable_mv_int_lib.o)
 .debug_abbrev  0x00001823       0x25 c:/program files (x86)/microchip/mplab c32 suite/bin/../lib/gcc/pic32mx/4.5.1/../../../../pic32mx/lib\libmchp_peripheral_32MX795F512H.a(port_set_pins_digital_out_lib.o)
 .debug_abbrev  0x00001848       0x25 c:/program files (x86)/microchip/mplab c32 suite/bin/../lib/gcc/pic32mx/4.5.1/../../../../pic32mx/lib\libmchp_peripheral_32MX795F512H.a(port_clear_bits_lib.o)
 .debug_abbrev  0x0000186d       0x25 c:/program files (x86)/microchip/mplab c32 suite/bin/../lib/gcc/pic32mx/4.5.1/../../../../pic32mx/lib\libmchp_peripheral_32MX795F512H.a(port_set_bits_lib.o)
 .debug_abbrev  0x00001892        0x1 c:/program files (x86)/microchip/mplab c32 suite/bin/../lib/gcc/pic32mx/4.5.1/../../../../pic32mx/lib\libmchp_peripheral_32MX795F512H.a(_ports_tbl_libp.o)
 .debug_abbrev  0x00001893       0x38 c:/program files (x86)/microchip/mplab c32 suite/bin/../lib/gcc/pic32mx/4.5.1/../../../../pic32mx/lib\libmchp_peripheral_32MX795F512H.a(uart_lib.o)
 .debug_abbrev  0x000018cb       0x25 c:/program files (x86)/microchip/mplab c32 suite/bin/../lib/gcc/pic32mx/4.5.1/../../../../pic32mx/lib\libmchp_peripheral_32MX795F512H.a(int_enable_interrupts_lib.o)
 .debug_abbrev  0x000018f0      0x13d c:/program files (x86)/microchip/mplab c32 suite/bin/../lib/gcc/pic32mx/4.5.1\libgcc.a(_udivdi3.o)
 .debug_abbrev  0x00001a2d      0x15c c:/program files (x86)/microchip/mplab c32 suite/bin/../lib/gcc/pic32mx/4.5.1\libgcc.a(_umoddi3.o)

.debug_line     0x00000000     0x2588
 *(.debug_line)
 .debug_line    0x00000000      0x26f build/default/production/main.o
 .debug_line    0x0000026f      0x2cb build/default/production/PWM_control.o
 .debug_line    0x0000053a      0x22e userLib.a(uart.o)
 .debug_line    0x00000768      0x1f7 userLib.a(delayT1.o)
 .debug_line    0x0000095f      0x27f userLib.a(picInit.o)
 .debug_line    0x00000bde      0x27c userLib.a(pwm.o)
 .debug_line    0x00000e5a      0x1dd userLib.a(a2d.o)
 .debug_line    0x00001037      0x1eb userLib.a(delay.o)
 .debug_line    0x00001222      0x252 userLib.a(free_timer.o)
 .debug_line    0x00001474      0x200 userLib.a(handle.o)
 .debug_line    0x00001674       0xb2 c:/program files (x86)/microchip/mplab c32 suite/bin/../lib/gcc/pic32mx/4.5.1\libgcc.a(_fixunssfdi.o)
 .debug_line    0x00001726       0xc3 c:/program files (x86)/microchip/mplab c32 suite/bin/../lib/gcc/pic32mx/4.5.1\libgcc.a(_floatundisf.o)
 .debug_line    0x000017e9       0x6c c:/program files (x86)/microchip/mplab c32 suite/bin/../lib/gcc/pic32mx/4.5.1\libgcc.a(floatunsidf.o)
 .debug_line    0x00001855       0x6d c:/program files (x86)/microchip/mplab c32 suite/bin/../lib/gcc/pic32mx/4.5.1\libgcc.a(floatunsisf.o)
 .debug_line    0x000018c2        0x0 c:/program files (x86)/microchip/mplab c32 suite/bin/../lib/gcc/pic32mx/4.5.1/../../../../pic32mx/lib\libc.a(_iob.o)
 .debug_line    0x000018c2       0x87 c:/program files (x86)/microchip/mplab c32 suite/bin/../lib/gcc/pic32mx/4.5.1/../../../../pic32mx/lib\libc.a(malloc.o)
 .debug_line    0x00001949       0x87 c:/program files (x86)/microchip/mplab c32 suite/bin/../lib/gcc/pic32mx/4.5.1/../../../../pic32mx/lib\libc.a(setbuf.o)
 .debug_line    0x000019d0       0x30 c:/program files (x86)/microchip/mplab c32 suite/bin/../lib/gcc/pic32mx/4.5.1/../../../../pic32mx/lib\libc.a(printf_cdnopuxX.eo)
 .debug_line    0x00001a00       0x87 c:/program files (x86)/microchip/mplab c32 suite/bin/../lib/gcc/pic32mx/4.5.1/../../../../pic32mx/lib\libc.a(sbrk.o)
 .debug_line    0x00001a87       0xa4 c:/program files (x86)/microchip/mplab c32 suite/bin/../lib/gcc/pic32mx/4.5.1/../../../../pic32mx/lib\libc.a(default-general-exception-handler.o)
 .debug_line    0x00001b2b       0xa6 c:/program files (x86)/microchip/mplab c32 suite/bin/../lib/gcc/pic32mx/4.5.1/../../../../pic32mx/lib\libc.a(default-bootstrap-exception-handler.o)
 .debug_line    0x00001bd1       0x93 c:/program files (x86)/microchip/mplab c32 suite/bin/../lib/gcc/pic32mx/4.5.1/../../../../pic32mx/lib\libc.a(default-on-reset.o)
 .debug_line    0x00001c64       0x97 c:/program files (x86)/microchip/mplab c32 suite/bin/../lib/gcc/pic32mx/4.5.1/../../../../pic32mx/lib\libc.a(default-on-bootstrap.o)
 .debug_line    0x00001cfb       0x84 c:/program files (x86)/microchip/mplab c32 suite/bin/../lib/gcc/pic32mx/4.5.1/../../../../pic32mx/lib\libc.a(buf.o)
 .debug_line    0x00001d7f        0x0 c:/program files (x86)/microchip/mplab c32 suite/bin/../lib/gcc/pic32mx/4.5.1/../../../../pic32mx/lib\libc.a(errno.o)
 .debug_line    0x00001d7f       0x30 c:/program files (x86)/microchip/mplab c32 suite/bin/../lib/gcc/pic32mx/4.5.1/../../../../pic32mx/lib\libc.a(doprnt_cdnopuxX.eo)
 .debug_line    0x00001daf       0x2f c:/program files (x86)/microchip/mplab c32 suite/bin/../lib/gcc/pic32mx/4.5.1/../../../../pic32mx/lib\libc.a(_fputc_simple.o)
 .debug_line    0x00001dde        0x0 c:/program files (x86)/microchip/mplab c32 suite/bin/../lib/gcc/pic32mx/4.5.1/../../../../pic32mx/lib\libc.a(ctype.o)
 .debug_line    0x00001dde       0x88 c:/program files (x86)/microchip/mplab c32 suite/bin/../lib/gcc/pic32mx/4.5.1/../../../../pic32mx/lib\libc.a(write.o)
 .debug_line    0x00001e66       0x30 c:/program files (x86)/microchip/mplab c32 suite/bin/../lib/gcc/pic32mx/4.5.1/../../../../pic32mx/lib\libc.a(_flsbuf_simple.o)
 .debug_line    0x00001e96       0x6e c:/program files (x86)/microchip/mplab c32 suite/bin/../lib/gcc/pic32mx/4.5.1/../../../../pic32mx/lib\libmchp_peripheral.a(open_core_timer_lib.o)
 .debug_line    0x00001f04       0x6e c:/program files (x86)/microchip/mplab c32 suite/bin/../lib/gcc/pic32mx/4.5.1/../../../../pic32mx/lib\libmchp_peripheral.a(read_core_timer_lib.o)
 .debug_line    0x00001f72       0x62 c:/program files (x86)/microchip/mplab c32 suite/bin/../lib/gcc/pic32mx/4.5.1/../../../../pic32mx/lib\libmchp_peripheral_32MX795F512H.a(pcache.o)
 .debug_line    0x00001fd4       0x73 c:/program files (x86)/microchip/mplab c32 suite/bin/../lib/gcc/pic32mx/4.5.1/../../../../pic32mx/lib\libmchp_peripheral_32MX795F512H.a(int_disable_interrupts_lib.o)
 .debug_line    0x00002047       0x73 c:/program files (x86)/microchip/mplab c32 suite/bin/../lib/gcc/pic32mx/4.5.1/../../../../pic32mx/lib\libmchp_peripheral_32MX795F512H.a(int_restore_interrupts_lib.o)
 .debug_line    0x000020ba       0x6e c:/program files (x86)/microchip/mplab c32 suite/bin/../lib/gcc/pic32mx/4.5.1/../../../../pic32mx/lib\libmchp_peripheral_32MX795F512H.a(int_enable_mv_int_lib.o)
 .debug_line    0x00002128       0x78 c:/program files (x86)/microchip/mplab c32 suite/bin/../lib/gcc/pic32mx/4.5.1/../../../../pic32mx/lib\libmchp_peripheral_32MX795F512H.a(port_set_pins_digital_out_lib.o)
 .debug_line    0x000021a0       0x6e c:/program files (x86)/microchip/mplab c32 suite/bin/../lib/gcc/pic32mx/4.5.1/../../../../pic32mx/lib\libmchp_peripheral_32MX795F512H.a(port_clear_bits_lib.o)
 .debug_line    0x0000220e       0x6c c:/program files (x86)/microchip/mplab c32 suite/bin/../lib/gcc/pic32mx/4.5.1/../../../../pic32mx/lib\libmchp_peripheral_32MX795F512H.a(port_set_bits_lib.o)
 .debug_line    0x0000227a        0x0 c:/program files (x86)/microchip/mplab c32 suite/bin/../lib/gcc/pic32mx/4.5.1/../../../../pic32mx/lib\libmchp_peripheral_32MX795F512H.a(_ports_tbl_libp.o)
 .debug_line    0x0000227a       0x62 c:/program files (x86)/microchip/mplab c32 suite/bin/../lib/gcc/pic32mx/4.5.1/../../../../pic32mx/lib\libmchp_peripheral_32MX795F512H.a(uart_lib.o)
 .debug_line    0x000022dc       0x72 c:/program files (x86)/microchip/mplab c32 suite/bin/../lib/gcc/pic32mx/4.5.1/../../../../pic32mx/lib\libmchp_peripheral_32MX795F512H.a(int_enable_interrupts_lib.o)
 .debug_line    0x0000234e      0x112 c:/program files (x86)/microchip/mplab c32 suite/bin/../lib/gcc/pic32mx/4.5.1\libgcc.a(_udivdi3.o)
 .debug_line    0x00002460      0x128 c:/program files (x86)/microchip/mplab c32 suite/bin/../lib/gcc/pic32mx/4.5.1\libgcc.a(_umoddi3.o)

.debug_frame    0x00000000      0xa04
 *(.debug_frame)
 .debug_frame   0x00000000       0x60 build/default/production/main.o
 .debug_frame   0x00000060       0x80 build/default/production/PWM_control.o
 .debug_frame   0x000000e0       0x78 userLib.a(uart.o)
 .debug_frame   0x00000158       0x5c userLib.a(delayT1.o)
 .debug_frame   0x000001b4       0x2c userLib.a(picInit.o)
 .debug_frame   0x000001e0       0x64 userLib.a(pwm.o)
 .debug_frame   0x00000244       0x40 userLib.a(a2d.o)
 .debug_frame   0x00000284       0x7c userLib.a(delay.o)
 .debug_frame   0x00000300      0x15c userLib.a(free_timer.o)
 .debug_frame   0x0000045c       0x58 userLib.a(handle.o)
 .debug_frame   0x000004b4       0x2c c:/program files (x86)/microchip/mplab c32 suite/bin/../lib/gcc/pic32mx/4.5.1\libgcc.a(_fixunssfdi.o)
 .debug_frame   0x000004e0       0x2c c:/program files (x86)/microchip/mplab c32 suite/bin/../lib/gcc/pic32mx/4.5.1\libgcc.a(_floatundisf.o)
 .debug_frame   0x0000050c       0x28 c:/program files (x86)/microchip/mplab c32 suite/bin/../lib/gcc/pic32mx/4.5.1\libgcc.a(floatunsidf.o)
 .debug_frame   0x00000534       0x28 c:/program files (x86)/microchip/mplab c32 suite/bin/../lib/gcc/pic32mx/4.5.1\libgcc.a(floatunsisf.o)
 .debug_frame   0x0000055c       0x68 c:/program files (x86)/microchip/mplab c32 suite/bin/../lib/gcc/pic32mx/4.5.1/../../../../pic32mx/lib\libc.a(malloc.o)
 .debug_frame   0x000005c4       0x38 c:/program files (x86)/microchip/mplab c32 suite/bin/../lib/gcc/pic32mx/4.5.1/../../../../pic32mx/lib\libc.a(setbuf.o)
 .debug_frame   0x000005fc       0x28 c:/program files (x86)/microchip/mplab c32 suite/bin/../lib/gcc/pic32mx/4.5.1/../../../../pic32mx/lib\libc.a(printf_cdnopuxX.eo)
 .debug_frame   0x00000624       0x8c c:/program files (x86)/microchip/mplab c32 suite/bin/../lib/gcc/pic32mx/4.5.1/../../../../pic32mx/lib\libc.a(sbrk.o)
 .debug_frame   0x000006b0       0x20 c:/program files (x86)/microchip/mplab c32 suite/bin/../lib/gcc/pic32mx/4.5.1/../../../../pic32mx/lib\libc.a(default-general-exception-handler.o)
 .debug_frame   0x000006d0       0x20 c:/program files (x86)/microchip/mplab c32 suite/bin/../lib/gcc/pic32mx/4.5.1/../../../../pic32mx/lib\libc.a(default-bootstrap-exception-handler.o)
 .debug_frame   0x000006f0       0x20 c:/program files (x86)/microchip/mplab c32 suite/bin/../lib/gcc/pic32mx/4.5.1/../../../../pic32mx/lib\libc.a(default-on-reset.o)
 .debug_frame   0x00000710       0x20 c:/program files (x86)/microchip/mplab c32 suite/bin/../lib/gcc/pic32mx/4.5.1/../../../../pic32mx/lib\libc.a(default-on-bootstrap.o)
 .debug_frame   0x00000730       0x38 c:/program files (x86)/microchip/mplab c32 suite/bin/../lib/gcc/pic32mx/4.5.1/../../../../pic32mx/lib\libc.a(buf.o)
 .debug_frame   0x00000768       0x38 c:/program files (x86)/microchip/mplab c32 suite/bin/../lib/gcc/pic32mx/4.5.1/../../../../pic32mx/lib\libc.a(doprnt_cdnopuxX.eo)
 .debug_frame   0x000007a0       0x2c c:/program files (x86)/microchip/mplab c32 suite/bin/../lib/gcc/pic32mx/4.5.1/../../../../pic32mx/lib\libc.a(_fputc_simple.o)
 .debug_frame   0x000007cc       0x28 c:/program files (x86)/microchip/mplab c32 suite/bin/../lib/gcc/pic32mx/4.5.1/../../../../pic32mx/lib\libc.a(write.o)
 .debug_frame   0x000007f4       0x28 c:/program files (x86)/microchip/mplab c32 suite/bin/../lib/gcc/pic32mx/4.5.1/../../../../pic32mx/lib\libc.a(_flsbuf_simple.o)
 .debug_frame   0x0000081c       0x20 c:/program files (x86)/microchip/mplab c32 suite/bin/../lib/gcc/pic32mx/4.5.1/../../../../pic32mx/lib\libmchp_peripheral.a(open_core_timer_lib.o)
 .debug_frame   0x0000083c       0x20 c:/program files (x86)/microchip/mplab c32 suite/bin/../lib/gcc/pic32mx/4.5.1/../../../../pic32mx/lib\libmchp_peripheral.a(read_core_timer_lib.o)
 .debug_frame   0x0000085c       0x30 c:/program files (x86)/microchip/mplab c32 suite/bin/../lib/gcc/pic32mx/4.5.1/../../../../pic32mx/lib\libmchp_peripheral_32MX795F512H.a(pcache.o)
 .debug_frame   0x0000088c       0x20 c:/program files (x86)/microchip/mplab c32 suite/bin/../lib/gcc/pic32mx/4.5.1/../../../../pic32mx/lib\libmchp_peripheral_32MX795F512H.a(int_disable_interrupts_lib.o)
 .debug_frame   0x000008ac       0x20 c:/program files (x86)/microchip/mplab c32 suite/bin/../lib/gcc/pic32mx/4.5.1/../../../../pic32mx/lib\libmchp_peripheral_32MX795F512H.a(int_restore_interrupts_lib.o)
 .debug_frame   0x000008cc       0x28 c:/program files (x86)/microchip/mplab c32 suite/bin/../lib/gcc/pic32mx/4.5.1/../../../../pic32mx/lib\libmchp_peripheral_32MX795F512H.a(int_enable_mv_int_lib.o)
 .debug_frame   0x000008f4       0x20 c:/program files (x86)/microchip/mplab c32 suite/bin/../lib/gcc/pic32mx/4.5.1/../../../../pic32mx/lib\libmchp_peripheral_32MX795F512H.a(port_set_pins_digital_out_lib.o)
 .debug_frame   0x00000914       0x20 c:/program files (x86)/microchip/mplab c32 suite/bin/../lib/gcc/pic32mx/4.5.1/../../../../pic32mx/lib\libmchp_peripheral_32MX795F512H.a(port_clear_bits_lib.o)
 .debug_frame   0x00000934       0x20 c:/program files (x86)/microchip/mplab c32 suite/bin/../lib/gcc/pic32mx/4.5.1/../../../../pic32mx/lib\libmchp_peripheral_32MX795F512H.a(port_set_bits_lib.o)
 .debug_frame   0x00000954       0x90 c:/program files (x86)/microchip/mplab c32 suite/bin/../lib/gcc/pic32mx/4.5.1/../../../../pic32mx/lib\libmchp_peripheral_32MX795F512H.a(uart_lib.o)
 .debug_frame   0x000009e4       0x20 c:/program files (x86)/microchip/mplab c32 suite/bin/../lib/gcc/pic32mx/4.5.1/../../../../pic32mx/lib\libmchp_peripheral_32MX795F512H.a(int_enable_interrupts_lib.o)

.debug_str      0x00000000      0xd01
 *(.debug_str)
 .debug_str     0x00000000      0x161 build/default/production/main.o
 .debug_str     0x00000161      0x13a build/default/production/PWM_control.o
 .debug_str     0x0000029b      0x12f userLib.a(uart.o)
 .debug_str     0x000003ca      0x145 userLib.a(delayT1.o)
 .debug_str     0x0000050f      0x163 userLib.a(picInit.o)
 .debug_str     0x00000672      0x184 userLib.a(pwm.o)
 .debug_str     0x000007f6      0x158 userLib.a(a2d.o)
 .debug_str     0x0000094e      0x14f userLib.a(delay.o)
 .debug_str     0x00000a9d      0x135 userLib.a(free_timer.o)
 .debug_str     0x00000bd2      0x12f userLib.a(handle.o)
 .debug_str     0x00000d01        0x0 c:/program files (x86)/microchip/mplab c32 suite/bin/../lib/gcc/pic32mx/4.5.1\libgcc.a(_fixunssfdi.o)
 .debug_str     0x00000d01        0x0 c:/program files (x86)/microchip/mplab c32 suite/bin/../lib/gcc/pic32mx/4.5.1\libgcc.a(_floatundisf.o)
 .debug_str     0x00000d01        0x0 c:/program files (x86)/microchip/mplab c32 suite/bin/../lib/gcc/pic32mx/4.5.1\libgcc.a(floatunsidf.o)
 .debug_str     0x00000d01        0x0 c:/program files (x86)/microchip/mplab c32 suite/bin/../lib/gcc/pic32mx/4.5.1\libgcc.a(floatunsisf.o)
 .debug_str     0x00000d01        0x0 c:/program files (x86)/microchip/mplab c32 suite/bin/../lib/gcc/pic32mx/4.5.1/../../../../pic32mx/lib\libc.a(_iob.o)
 .debug_str     0x00000d01        0x0 c:/program files (x86)/microchip/mplab c32 suite/bin/../lib/gcc/pic32mx/4.5.1/../../../../pic32mx/lib\libc.a(malloc.o)
 .debug_str     0x00000d01        0x0 c:/program files (x86)/microchip/mplab c32 suite/bin/../lib/gcc/pic32mx/4.5.1/../../../../pic32mx/lib\libc.a(setbuf.o)
 .debug_str     0x00000d01        0x0 c:/program files (x86)/microchip/mplab c32 suite/bin/../lib/gcc/pic32mx/4.5.1/../../../../pic32mx/lib\libc.a(printf_cdnopuxX.eo)
 .debug_str     0x00000d01        0x0 c:/program files (x86)/microchip/mplab c32 suite/bin/../lib/gcc/pic32mx/4.5.1/../../../../pic32mx/lib\libc.a(sbrk.o)
 .debug_str     0x00000d01        0x0 c:/program files (x86)/microchip/mplab c32 suite/bin/../lib/gcc/pic32mx/4.5.1/../../../../pic32mx/lib\libc.a(default-general-exception-handler.o)
 .debug_str     0x00000d01        0x0 c:/program files (x86)/microchip/mplab c32 suite/bin/../lib/gcc/pic32mx/4.5.1/../../../../pic32mx/lib\libc.a(default-bootstrap-exception-handler.o)
 .debug_str     0x00000d01        0x0 c:/program files (x86)/microchip/mplab c32 suite/bin/../lib/gcc/pic32mx/4.5.1/../../../../pic32mx/lib\libc.a(default-on-reset.o)
 .debug_str     0x00000d01        0x0 c:/program files (x86)/microchip/mplab c32 suite/bin/../lib/gcc/pic32mx/4.5.1/../../../../pic32mx/lib\libc.a(default-on-bootstrap.o)
 .debug_str     0x00000d01        0x0 c:/program files (x86)/microchip/mplab c32 suite/bin/../lib/gcc/pic32mx/4.5.1/../../../../pic32mx/lib\libc.a(buf.o)
 .debug_str     0x00000d01        0x0 c:/program files (x86)/microchip/mplab c32 suite/bin/../lib/gcc/pic32mx/4.5.1/../../../../pic32mx/lib\libc.a(errno.o)
 .debug_str     0x00000d01        0x0 c:/program files (x86)/microchip/mplab c32 suite/bin/../lib/gcc/pic32mx/4.5.1/../../../../pic32mx/lib\libc.a(doprnt_cdnopuxX.eo)
 .debug_str     0x00000d01        0x0 c:/program files (x86)/microchip/mplab c32 suite/bin/../lib/gcc/pic32mx/4.5.1/../../../../pic32mx/lib\libc.a(_fputc_simple.o)
 .debug_str     0x00000d01        0x0 c:/program files (x86)/microchip/mplab c32 suite/bin/../lib/gcc/pic32mx/4.5.1/../../../../pic32mx/lib\libc.a(ctype.o)
 .debug_str     0x00000d01        0x0 c:/program files (x86)/microchip/mplab c32 suite/bin/../lib/gcc/pic32mx/4.5.1/../../../../pic32mx/lib\libc.a(write.o)
 .debug_str     0x00000d01        0x0 c:/program files (x86)/microchip/mplab c32 suite/bin/../lib/gcc/pic32mx/4.5.1/../../../../pic32mx/lib\libc.a(_flsbuf_simple.o)
 .debug_str     0x00000d01        0x0 c:/program files (x86)/microchip/mplab c32 suite/bin/../lib/gcc/pic32mx/4.5.1/../../../../pic32mx/lib\libmchp_peripheral.a(open_core_timer_lib.o)
 .debug_str     0x00000d01        0x0 c:/program files (x86)/microchip/mplab c32 suite/bin/../lib/gcc/pic32mx/4.5.1/../../../../pic32mx/lib\libmchp_peripheral.a(read_core_timer_lib.o)
 .debug_str     0x00000d01        0x0 c:/program files (x86)/microchip/mplab c32 suite/bin/../lib/gcc/pic32mx/4.5.1/../../../../pic32mx/lib\libmchp_peripheral_32MX795F512H.a(pcache.o)
 .debug_str     0x00000d01        0x0 c:/program files (x86)/microchip/mplab c32 suite/bin/../lib/gcc/pic32mx/4.5.1/../../../../pic32mx/lib\libmchp_peripheral_32MX795F512H.a(int_disable_interrupts_lib.o)
 .debug_str     0x00000d01        0x0 c:/program files (x86)/microchip/mplab c32 suite/bin/../lib/gcc/pic32mx/4.5.1/../../../../pic32mx/lib\libmchp_peripheral_32MX795F512H.a(int_restore_interrupts_lib.o)
 .debug_str     0x00000d01        0x0 c:/program files (x86)/microchip/mplab c32 suite/bin/../lib/gcc/pic32mx/4.5.1/../../../../pic32mx/lib\libmchp_peripheral_32MX795F512H.a(int_enable_mv_int_lib.o)
 .debug_str     0x00000d01        0x0 c:/program files (x86)/microchip/mplab c32 suite/bin/../lib/gcc/pic32mx/4.5.1/../../../../pic32mx/lib\libmchp_peripheral_32MX795F512H.a(port_set_pins_digital_out_lib.o)
 .debug_str     0x00000d01        0x0 c:/program files (x86)/microchip/mplab c32 suite/bin/../lib/gcc/pic32mx/4.5.1/../../../../pic32mx/lib\libmchp_peripheral_32MX795F512H.a(port_clear_bits_lib.o)
 .debug_str     0x00000d01        0x0 c:/program files (x86)/microchip/mplab c32 suite/bin/../lib/gcc/pic32mx/4.5.1/../../../../pic32mx/lib\libmchp_peripheral_32MX795F512H.a(port_set_bits_lib.o)
 .debug_str     0x00000d01        0x0 c:/program files (x86)/microchip/mplab c32 suite/bin/../lib/gcc/pic32mx/4.5.1/../../../../pic32mx/lib\libmchp_peripheral_32MX795F512H.a(_ports_tbl_libp.o)
 .debug_str     0x00000d01        0x0 c:/program files (x86)/microchip/mplab c32 suite/bin/../lib/gcc/pic32mx/4.5.1/../../../../pic32mx/lib\libmchp_peripheral_32MX795F512H.a(uart_lib.o)
 .debug_str     0x00000d01        0x0 c:/program files (x86)/microchip/mplab c32 suite/bin/../lib/gcc/pic32mx/4.5.1/../../../../pic32mx/lib\libmchp_peripheral_32MX795F512H.a(int_enable_interrupts_lib.o)
 .debug_str     0x00000d01        0x0 c:/program files (x86)/microchip/mplab c32 suite/bin/../lib/gcc/pic32mx/4.5.1\libgcc.a(_udivdi3.o)
 .debug_str     0x00000d01        0x0 c:/program files (x86)/microchip/mplab c32 suite/bin/../lib/gcc/pic32mx/4.5.1\libgcc.a(_umoddi3.o)

.debug_loc      0x00000000     0x166d
 *(.debug_loc)
 .debug_loc     0x00000000       0x64 c:/program files (x86)/microchip/mplab c32 suite/bin/../lib/gcc/pic32mx/4.5.1\libgcc.a(_fixunssfdi.o)
 .debug_loc     0x00000064       0xc9 c:/program files (x86)/microchip/mplab c32 suite/bin/../lib/gcc/pic32mx/4.5.1\libgcc.a(_floatundisf.o)
 .debug_loc     0x0000012d       0x74 c:/program files (x86)/microchip/mplab c32 suite/bin/../lib/gcc/pic32mx/4.5.1\libgcc.a(floatunsidf.o)
 .debug_loc     0x000001a1       0x68 c:/program files (x86)/microchip/mplab c32 suite/bin/../lib/gcc/pic32mx/4.5.1\libgcc.a(floatunsisf.o)
 .debug_loc     0x00000209      0xa47 c:/program files (x86)/microchip/mplab c32 suite/bin/../lib/gcc/pic32mx/4.5.1\libgcc.a(_udivdi3.o)
 .debug_loc     0x00000c50      0xa1d c:/program files (x86)/microchip/mplab c32 suite/bin/../lib/gcc/pic32mx/4.5.1\libgcc.a(_umoddi3.o)

.debug_macinfo
 *(.debug_macinfo)

.debug_weaknames
 *(.debug_weaknames)

.debug_funcnames
 *(.debug_funcnames)

.debug_typenames
 *(.debug_typenames)

.debug_varnames
 *(.debug_varnames)

.debug_pubtypes
                0x00000000      0xc61
 *(.debug_pubtypes)
 .debug_pubtypes
                0x00000000      0x165 build/default/production/main.o
 .debug_pubtypes
                0x00000165       0xe7 build/default/production/PWM_control.o
 .debug_pubtypes
                0x0000024c      0x132 userLib.a(uart.o)
 .debug_pubtypes
                0x0000037e       0xf2 userLib.a(delayT1.o)
 .debug_pubtypes
                0x00000470       0xfd userLib.a(picInit.o)
 .debug_pubtypes
                0x0000056d      0x121 userLib.a(pwm.o)
 .debug_pubtypes
                0x0000068e      0x123 userLib.a(a2d.o)
 .debug_pubtypes
                0x000007b1       0xfc userLib.a(delay.o)
 .debug_pubtypes
                0x000008ad      0x11d userLib.a(free_timer.o)
 .debug_pubtypes
                0x000009ca       0xfd userLib.a(handle.o)
 .debug_pubtypes
                0x00000ac7       0x40 c:/program files (x86)/microchip/mplab c32 suite/bin/../lib/gcc/pic32mx/4.5.1\libgcc.a(_fixunssfdi.o)
 .debug_pubtypes
                0x00000b07       0x40 c:/program files (x86)/microchip/mplab c32 suite/bin/../lib/gcc/pic32mx/4.5.1\libgcc.a(_floatundisf.o)
 .debug_pubtypes
                0x00000b47       0x34 c:/program files (x86)/microchip/mplab c32 suite/bin/../lib/gcc/pic32mx/4.5.1\libgcc.a(floatunsidf.o)
 .debug_pubtypes
                0x00000b7b       0x34 c:/program files (x86)/microchip/mplab c32 suite/bin/../lib/gcc/pic32mx/4.5.1\libgcc.a(floatunsisf.o)
 .debug_pubtypes
                0x00000baf       0x59 c:/program files (x86)/microchip/mplab c32 suite/bin/../lib/gcc/pic32mx/4.5.1\libgcc.a(_udivdi3.o)
 .debug_pubtypes
                0x00000c08       0x59 c:/program files (x86)/microchip/mplab c32 suite/bin/../lib/gcc/pic32mx/4.5.1\libgcc.a(_umoddi3.o)

.debug_ranges   0x00000000      0x400
 *(.debug_ranges)
 .debug_ranges  0x00000000       0x18 build/default/production/main.o
 .debug_ranges  0x00000018       0x30 userLib.a(picInit.o)
 .debug_ranges  0x00000048       0x20 c:/program files (x86)/microchip/mplab c32 suite/bin/../lib/gcc/pic32mx/4.5.1/../../../../pic32mx/lib\libc.a(malloc.o)
 .debug_ranges  0x00000068       0x18 c:/program files (x86)/microchip/mplab c32 suite/bin/../lib/gcc/pic32mx/4.5.1/../../../../pic32mx/lib\libc.a(setbuf.o)
 .debug_ranges  0x00000080       0x10 c:/program files (x86)/microchip/mplab c32 suite/bin/../lib/gcc/pic32mx/4.5.1/../../../../pic32mx/lib\libc.a(printf_cdnopuxX.eo)
 .debug_ranges  0x00000090       0x30 c:/program files (x86)/microchip/mplab c32 suite/bin/../lib/gcc/pic32mx/4.5.1/../../../../pic32mx/lib\libc.a(sbrk.o)
 .debug_ranges  0x000000c0       0x10 c:/program files (x86)/microchip/mplab c32 suite/bin/../lib/gcc/pic32mx/4.5.1/../../../../pic32mx/lib\libc.a(default-general-exception-handler.o)
 .debug_ranges  0x000000d0       0x10 c:/program files (x86)/microchip/mplab c32 suite/bin/../lib/gcc/pic32mx/4.5.1/../../../../pic32mx/lib\libc.a(default-bootstrap-exception-handler.o)
 .debug_ranges  0x000000e0       0x10 c:/program files (x86)/microchip/mplab c32 suite/bin/../lib/gcc/pic32mx/4.5.1/../../../../pic32mx/lib\libc.a(default-on-reset.o)
 .debug_ranges  0x000000f0       0x10 c:/program files (x86)/microchip/mplab c32 suite/bin/../lib/gcc/pic32mx/4.5.1/../../../../pic32mx/lib\libc.a(default-on-bootstrap.o)
 .debug_ranges  0x00000100       0x18 c:/program files (x86)/microchip/mplab c32 suite/bin/../lib/gcc/pic32mx/4.5.1/../../../../pic32mx/lib\libc.a(buf.o)
 .debug_ranges  0x00000118       0x10 c:/program files (x86)/microchip/mplab c32 suite/bin/../lib/gcc/pic32mx/4.5.1/../../../../pic32mx/lib\libc.a(doprnt_cdnopuxX.eo)
 .debug_ranges  0x00000128       0x10 c:/program files (x86)/microchip/mplab c32 suite/bin/../lib/gcc/pic32mx/4.5.1/../../../../pic32mx/lib\libc.a(_fputc_simple.o)
 .debug_ranges  0x00000138       0x10 c:/program files (x86)/microchip/mplab c32 suite/bin/../lib/gcc/pic32mx/4.5.1/../../../../pic32mx/lib\libc.a(write.o)
 .debug_ranges  0x00000148       0x10 c:/program files (x86)/microchip/mplab c32 suite/bin/../lib/gcc/pic32mx/4.5.1/../../../../pic32mx/lib\libc.a(_flsbuf_simple.o)
 .debug_ranges  0x00000158       0x10 c:/program files (x86)/microchip/mplab c32 suite/bin/../lib/gcc/pic32mx/4.5.1/../../../../pic32mx/lib\libmchp_peripheral.a(open_core_timer_lib.o)
 .debug_ranges  0x00000168       0x10 c:/program files (x86)/microchip/mplab c32 suite/bin/../lib/gcc/pic32mx/4.5.1/../../../../pic32mx/lib\libmchp_peripheral.a(read_core_timer_lib.o)
 .debug_ranges  0x00000178       0x18 c:/program files (x86)/microchip/mplab c32 suite/bin/../lib/gcc/pic32mx/4.5.1/../../../../pic32mx/lib\libmchp_peripheral_32MX795F512H.a(pcache.o)
 .debug_ranges  0x00000190       0x10 c:/program files (x86)/microchip/mplab c32 suite/bin/../lib/gcc/pic32mx/4.5.1/../../../../pic32mx/lib\libmchp_peripheral_32MX795F512H.a(int_disable_interrupts_lib.o)
 .debug_ranges  0x000001a0       0x10 c:/program files (x86)/microchip/mplab c32 suite/bin/../lib/gcc/pic32mx/4.5.1/../../../../pic32mx/lib\libmchp_peripheral_32MX795F512H.a(int_restore_interrupts_lib.o)
 .debug_ranges  0x000001b0       0x10 c:/program files (x86)/microchip/mplab c32 suite/bin/../lib/gcc/pic32mx/4.5.1/../../../../pic32mx/lib\libmchp_peripheral_32MX795F512H.a(int_enable_mv_int_lib.o)
 .debug_ranges  0x000001c0       0x10 c:/program files (x86)/microchip/mplab c32 suite/bin/../lib/gcc/pic32mx/4.5.1/../../../../pic32mx/lib\libmchp_peripheral_32MX795F512H.a(port_set_pins_digital_out_lib.o)
 .debug_ranges  0x000001d0       0x10 c:/program files (x86)/microchip/mplab c32 suite/bin/../lib/gcc/pic32mx/4.5.1/../../../../pic32mx/lib\libmchp_peripheral_32MX795F512H.a(port_clear_bits_lib.o)
 .debug_ranges  0x000001e0       0x10 c:/program files (x86)/microchip/mplab c32 suite/bin/../lib/gcc/pic32mx/4.5.1/../../../../pic32mx/lib\libmchp_peripheral_32MX795F512H.a(port_set_bits_lib.o)
 .debug_ranges  0x000001f0       0x48 c:/program files (x86)/microchip/mplab c32 suite/bin/../lib/gcc/pic32mx/4.5.1/../../../../pic32mx/lib\libmchp_peripheral_32MX795F512H.a(uart_lib.o)
 .debug_ranges  0x00000238       0x10 c:/program files (x86)/microchip/mplab c32 suite/bin/../lib/gcc/pic32mx/4.5.1/../../../../pic32mx/lib\libmchp_peripheral_32MX795F512H.a(int_enable_interrupts_lib.o)
 .debug_ranges  0x00000248       0xc0 c:/program files (x86)/microchip/mplab c32 suite/bin/../lib/gcc/pic32mx/4.5.1\libgcc.a(_udivdi3.o)
 .debug_ranges  0x00000308       0xf8 c:/program files (x86)/microchip/mplab c32 suite/bin/../lib/gcc/pic32mx/4.5.1\libgcc.a(_umoddi3.o)

.gnu.attributes
                0x00000000       0x10
 *(.gnu.attributes)
 .gnu.attributes
                0x00000000       0x10 build/default/production/main.o
 .gnu.attributes
                0x00000010       0x10 build/default/production/PWM_control.o
 .gnu.attributes
                0x00000020       0x10 userLib.a(uart.o)
 .gnu.attributes
                0x00000030       0x10 userLib.a(delayT1.o)
 .gnu.attributes
                0x00000040       0x10 userLib.a(picInit.o)
 .gnu.attributes
                0x00000050       0x10 userLib.a(pwm.o)
 .gnu.attributes
                0x00000060       0x10 userLib.a(a2d.o)
 .gnu.attributes
                0x00000070       0x10 userLib.a(delay.o)
 .gnu.attributes
                0x00000080       0x10 userLib.a(free_timer.o)
 .gnu.attributes
                0x00000090       0x10 userLib.a(handle.o)
 .gnu.attributes
                0x000000a0       0x10 c:/program files (x86)/microchip/mplab c32 suite/bin/../lib/gcc/pic32mx/4.5.1\libgcc.a(_fixunssfdi.o)
 .gnu.attributes
                0x000000b0       0x10 c:/program files (x86)/microchip/mplab c32 suite/bin/../lib/gcc/pic32mx/4.5.1\libgcc.a(_floatundisf.o)
 .gnu.attributes
                0x000000c0       0x10 c:/program files (x86)/microchip/mplab c32 suite/bin/../lib/gcc/pic32mx/4.5.1\libgcc.a(floatunsidf.o)
 .gnu.attributes
                0x000000d0       0x10 c:/program files (x86)/microchip/mplab c32 suite/bin/../lib/gcc/pic32mx/4.5.1\libgcc.a(floatunsisf.o)
 .gnu.attributes
                0x000000e0       0x10 c:/program files (x86)/microchip/mplab c32 suite/bin/../lib/gcc/pic32mx/4.5.1/../../../../pic32mx/lib\libc.a(_iob.o)
 .gnu.attributes
                0x000000f0       0x10 c:/program files (x86)/microchip/mplab c32 suite/bin/../lib/gcc/pic32mx/4.5.1/../../../../pic32mx/lib\libc.a(malloc.o)
 .gnu.attributes
                0x00000100       0x10 c:/program files (x86)/microchip/mplab c32 suite/bin/../lib/gcc/pic32mx/4.5.1/../../../../pic32mx/lib\libc.a(setbuf.o)
 .gnu.attributes
                0x00000110       0x10 c:/program files (x86)/microchip/mplab c32 suite/bin/../lib/gcc/pic32mx/4.5.1/../../../../pic32mx/lib\libc.a(printf_cdnopuxX.eo)
 .gnu.attributes
                0x00000120       0x10 c:/program files (x86)/microchip/mplab c32 suite/bin/../lib/gcc/pic32mx/4.5.1/../../../../pic32mx/lib\libc.a(sbrk.o)
 .gnu.attributes
                0x00000130       0x10 c:/program files (x86)/microchip/mplab c32 suite/bin/../lib/gcc/pic32mx/4.5.1/../../../../pic32mx/lib\libc.a(default-general-exception-handler.o)
 .gnu.attributes
                0x00000140       0x10 c:/program files (x86)/microchip/mplab c32 suite/bin/../lib/gcc/pic32mx/4.5.1/../../../../pic32mx/lib\libc.a(default-bootstrap-exception-handler.o)
 .gnu.attributes
                0x00000150       0x10 c:/program files (x86)/microchip/mplab c32 suite/bin/../lib/gcc/pic32mx/4.5.1/../../../../pic32mx/lib\libc.a(default-on-reset.o)
 .gnu.attributes
                0x00000160       0x10 c:/program files (x86)/microchip/mplab c32 suite/bin/../lib/gcc/pic32mx/4.5.1/../../../../pic32mx/lib\libc.a(default-on-bootstrap.o)
 .gnu.attributes
                0x00000170       0x10 c:/program files (x86)/microchip/mplab c32 suite/bin/../lib/gcc/pic32mx/4.5.1/../../../../pic32mx/lib\libc.a(buf.o)
 .gnu.attributes
                0x00000180       0x10 c:/program files (x86)/microchip/mplab c32 suite/bin/../lib/gcc/pic32mx/4.5.1/../../../../pic32mx/lib\libc.a(errno.o)
 .gnu.attributes
                0x00000190       0x10 c:/program files (x86)/microchip/mplab c32 suite/bin/../lib/gcc/pic32mx/4.5.1/../../../../pic32mx/lib\libc.a(doprnt_cdnopuxX.eo)
 .gnu.attributes
                0x000001a0       0x10 c:/program files (x86)/microchip/mplab c32 suite/bin/../lib/gcc/pic32mx/4.5.1/../../../../pic32mx/lib\libc.a(_fputc_simple.o)
 .gnu.attributes
                0x000001b0       0x10 c:/program files (x86)/microchip/mplab c32 suite/bin/../lib/gcc/pic32mx/4.5.1/../../../../pic32mx/lib\libc.a(ctype.o)
 .gnu.attributes
                0x000001c0       0x10 c:/program files (x86)/microchip/mplab c32 suite/bin/../lib/gcc/pic32mx/4.5.1/../../../../pic32mx/lib\libc.a(write.o)
 .gnu.attributes
                0x000001d0       0x10 c:/program files (x86)/microchip/mplab c32 suite/bin/../lib/gcc/pic32mx/4.5.1/../../../../pic32mx/lib\libc.a(_flsbuf_simple.o)
 .gnu.attributes
                0x000001e0       0x10 c:/program files (x86)/microchip/mplab c32 suite/bin/../lib/gcc/pic32mx/4.5.1/../../../../pic32mx/lib\libmchp_peripheral.a(open_core_timer_lib.o)
 .gnu.attributes
                0x000001f0       0x10 c:/program files (x86)/microchip/mplab c32 suite/bin/../lib/gcc/pic32mx/4.5.1/../../../../pic32mx/lib\libmchp_peripheral.a(read_core_timer_lib.o)
 .gnu.attributes
                0x00000200       0x10 c:/program files (x86)/microchip/mplab c32 suite/bin/../lib/gcc/pic32mx/4.5.1/../../../../pic32mx/lib\libmchp_peripheral_32MX795F512H.a(pcache.o)
 .gnu.attributes
                0x00000210       0x10 c:/program files (x86)/microchip/mplab c32 suite/bin/../lib/gcc/pic32mx/4.5.1/../../../../pic32mx/lib\libmchp_peripheral_32MX795F512H.a(int_disable_interrupts_lib.o)
 .gnu.attributes
                0x00000220       0x10 c:/program files (x86)/microchip/mplab c32 suite/bin/../lib/gcc/pic32mx/4.5.1/../../../../pic32mx/lib\libmchp_peripheral_32MX795F512H.a(int_restore_interrupts_lib.o)
 .gnu.attributes
                0x00000230       0x10 c:/program files (x86)/microchip/mplab c32 suite/bin/../lib/gcc/pic32mx/4.5.1/../../../../pic32mx/lib\libmchp_peripheral_32MX795F512H.a(int_enable_mv_int_lib.o)
 .gnu.attributes
                0x00000240       0x10 c:/program files (x86)/microchip/mplab c32 suite/bin/../lib/gcc/pic32mx/4.5.1/../../../../pic32mx/lib\libmchp_peripheral_32MX795F512H.a(port_set_pins_digital_out_lib.o)
 .gnu.attributes
                0x00000250       0x10 c:/program files (x86)/microchip/mplab c32 suite/bin/../lib/gcc/pic32mx/4.5.1/../../../../pic32mx/lib\libmchp_peripheral_32MX795F512H.a(port_clear_bits_lib.o)
 .gnu.attributes
                0x00000260       0x10 c:/program files (x86)/microchip/mplab c32 suite/bin/../lib/gcc/pic32mx/4.5.1/../../../../pic32mx/lib\libmchp_peripheral_32MX795F512H.a(port_set_bits_lib.o)
 .gnu.attributes
                0x00000270       0x10 c:/program files (x86)/microchip/mplab c32 suite/bin/../lib/gcc/pic32mx/4.5.1/../../../../pic32mx/lib\libmchp_peripheral_32MX795F512H.a(_ports_tbl_libp.o)
 .gnu.attributes
                0x00000280       0x10 c:/program files (x86)/microchip/mplab c32 suite/bin/../lib/gcc/pic32mx/4.5.1/../../../../pic32mx/lib\libmchp_peripheral_32MX795F512H.a(uart_lib.o)
 .gnu.attributes
                0x00000290       0x10 c:/program files (x86)/microchip/mplab c32 suite/bin/../lib/gcc/pic32mx/4.5.1/../../../../pic32mx/lib\libmchp_peripheral_32MX795F512H.a(int_enable_interrupts_lib.o)
 .gnu.attributes
                0x000002a0       0x10 c:/program files (x86)/microchip/mplab c32 suite/bin/../lib/gcc/pic32mx/4.5.1\libgcc.a(_udivdi3.o)
 .gnu.attributes
                0x000002b0       0x10 c:/program files (x86)/microchip/mplab c32 suite/bin/../lib/gcc/pic32mx/4.5.1\libgcc.a(_umoddi3.o)
OUTPUT(dist/default/production/MonitorBot.X.production.elf elf32-tradlittlemips)
LOAD stack
LOAD data_init

.stack          0xa0000228      0x400
 .stack         0xa0000228      0x400 stack

.data           0xa0000090       0xf8
 .data          0xa0000090       0xa0 c:/program files (x86)/microchip/mplab c32 suite/bin/../lib/gcc/pic32mx/4.5.1/../../../../pic32mx/lib\libc.a(_iob.o)
                0xa0000090                _iob
 .data          0xa0000130       0x58 userLib.a(handle.o)

.bss            0xa0000188       0x80
 .bss           0xa0000188       0x40 c:/program files (x86)/microchip/mplab c32 suite/bin/../lib/gcc/pic32mx/4.5.1/../../../../pic32mx/lib\libc.a(_iob.o)
                0xa0000188                _sibuf
                0xa00001a8                _sobuf
 .bss           0xa00001c8       0x20 c:/program files (x86)/microchip/mplab c32 suite/bin/../lib/gcc/pic32mx/4.5.1/../../../../pic32mx/lib\libc.a(malloc.o)
 .bss           0xa00001e8       0x1c c:/program files (x86)/microchip/mplab c32 suite/bin/../lib/gcc/pic32mx/4.5.1/../../../../pic32mx/lib\libc.a(sbrk.o)
 .bss           0xa0000204        0x4 c:/program files (x86)/microchip/mplab c32 suite/bin/../lib/gcc/pic32mx/4.5.1/../../../../pic32mx/lib\libc.a(buf.o)

.bss%z1         0x00000000        0x0
 .bss           0x00000000        0x0 c:/program files (x86)/microchip/mplab c32 suite/bin/../lib/gcc/pic32mx/4.5.1/../../../../pic32mx/lib/./proc/32MX795F512H\processor.o

.data%z2        0x00000000        0x0
 .data          0x00000000        0x0 c:/program files (x86)/microchip/mplab c32 suite/bin/../lib/gcc/pic32mx/4.5.1/../../../../pic32mx/lib/./proc/32MX795F512H\processor.o

.mdebug.abi32%z3
                0x00000000        0x0
 .mdebug.abi32  0x00000000        0x0 c:/program files (x86)/microchip/mplab c32 suite/bin/../lib/gcc/pic32mx/4.5.1\libgcc.a(_umoddi3.o)

.bss%z4         0x00000000        0x0
 .bss           0x00000000        0x0 c:/program files (x86)/microchip/mplab c32 suite/bin/../lib/gcc/pic32mx/4.5.1\libgcc.a(_umoddi3.o)

.data%z5        0x00000000        0x0
 .data          0x00000000        0x0 c:/program files (x86)/microchip/mplab c32 suite/bin/../lib/gcc/pic32mx/4.5.1\libgcc.a(_umoddi3.o)

.mdebug.abi32%z6
                0x00000000        0x0
 .mdebug.abi32  0x00000000        0x0 c:/program files (x86)/microchip/mplab c32 suite/bin/../lib/gcc/pic32mx/4.5.1\libgcc.a(_udivdi3.o)

.bss%z7         0x00000000        0x0
 .bss           0x00000000        0x0 c:/program files (x86)/microchip/mplab c32 suite/bin/../lib/gcc/pic32mx/4.5.1\libgcc.a(_udivdi3.o)

.data%z8        0x00000000        0x0
 .data          0x00000000        0x0 c:/program files (x86)/microchip/mplab c32 suite/bin/../lib/gcc/pic32mx/4.5.1\libgcc.a(_udivdi3.o)

.mdebug.abi32%z9
                0x00000000        0x0
 .mdebug.abi32  0x00000000        0x0 c:/program files (x86)/microchip/mplab c32 suite/bin/../lib/gcc/pic32mx/4.5.1/../../../../pic32mx/lib\libmchp_peripheral_32MX795F512H.a(int_enable_interrupts_lib.o)

.bss%z10        0x00000000        0x0
 .bss           0x00000000        0x0 c:/program files (x86)/microchip/mplab c32 suite/bin/../lib/gcc/pic32mx/4.5.1/../../../../pic32mx/lib\libmchp_peripheral_32MX795F512H.a(int_enable_interrupts_lib.o)

.data%z11       0x00000000        0x0
 .data          0x00000000        0x0 c:/program files (x86)/microchip/mplab c32 suite/bin/../lib/gcc/pic32mx/4.5.1/../../../../pic32mx/lib\libmchp_peripheral_32MX795F512H.a(int_enable_interrupts_lib.o)

.mdebug.abi32%z12
                0x00000000        0x0
 .mdebug.abi32  0x00000000        0x0 c:/program files (x86)/microchip/mplab c32 suite/bin/../lib/gcc/pic32mx/4.5.1/../../../../pic32mx/lib\libmchp_peripheral_32MX795F512H.a(uart_lib.o)

.bss%z13        0x00000000        0x0
 .bss           0x00000000        0x0 c:/program files (x86)/microchip/mplab c32 suite/bin/../lib/gcc/pic32mx/4.5.1/../../../../pic32mx/lib\libmchp_peripheral_32MX795F512H.a(uart_lib.o)

.data%z14       0x00000000        0x0
 .data          0x00000000        0x0 c:/program files (x86)/microchip/mplab c32 suite/bin/../lib/gcc/pic32mx/4.5.1/../../../../pic32mx/lib\libmchp_peripheral_32MX795F512H.a(uart_lib.o)

.mdebug.abi32%z15
                0x00000000        0x0
 .mdebug.abi32  0x00000000        0x0 c:/program files (x86)/microchip/mplab c32 suite/bin/../lib/gcc/pic32mx/4.5.1/../../../../pic32mx/lib\libmchp_peripheral_32MX795F512H.a(_ports_tbl_libp.o)

.bss%z16        0x00000000        0x0
 .bss           0x00000000        0x0 c:/program files (x86)/microchip/mplab c32 suite/bin/../lib/gcc/pic32mx/4.5.1/../../../../pic32mx/lib\libmchp_peripheral_32MX795F512H.a(_ports_tbl_libp.o)

.data%z17       0x00000000        0x0
 .data          0x00000000        0x0 c:/program files (x86)/microchip/mplab c32 suite/bin/../lib/gcc/pic32mx/4.5.1/../../../../pic32mx/lib\libmchp_peripheral_32MX795F512H.a(_ports_tbl_libp.o)

.mdebug.abi32%z18
                0x00000000        0x0
 .mdebug.abi32  0x00000000        0x0 c:/program files (x86)/microchip/mplab c32 suite/bin/../lib/gcc/pic32mx/4.5.1/../../../../pic32mx/lib\libmchp_peripheral_32MX795F512H.a(port_set_bits_lib.o)

.bss%z19        0x00000000        0x0